20:17:05 **** Incremental Build of configuration Debug for project autopilot ****
make all 
Building file: ../src/main.c
Invoking: ARM Sourcery Linux GCC C Compiler
arm-none-eabi-gcc -DUSE_STDPERIPH_DRIVER -DUSE_STM32F4_DISCOVERY -DUSE_USB_OTG_FS -DHSE_VALUE=8000000 -DSTM32F4XX -I"/home/kvv/workspace/k-car/autopilot/inc" -I"/home/kvv/workspace/k-car/autopilot/inc/CMSIS" -I"/home/kvv/workspace/k-car/autopilot/inc/STM32F4xx" -I"/home/kvv/workspace/k-car/autopilot/inc/STM32F4xx_StdPeriph_Driver/inc" -I"/home/kvv/workspace/k-car/autopilot/inc/STM32_USB_Device_Library/Class/cdc/inc" -I"/home/kvv/workspace/k-car/autopilot/inc/STM32_USB_Device_Library/Core/inc" -I"/home/kvv/workspace/k-car/autopilot/inc/STM32_USB_OTG_Driver/inc" -O0 -ffunction-sections -fdata-sections -Wall -std=c99 -Wa,-adhlns="src/main.o.lst" -c -fmessage-length=0 -MMD -MP -MF"src/main.d" -MT"src/main.d" -mcpu=cortex-m4 -mthumb -g3 -ggdb -o "src/main.o" "../src/main.c"
../src/main.c:20:13: warning: 'sendData' declared 'static' but never defined
../src/main.c:22:13: warning: 'getData' declared 'static' but never defined
Finished building: ../src/main.c
 
Building target: autopilot.elf
Invoking: ARM Sourcery Linux GCC C Linker
arm-none-eabi-gcc -T"/home/kvv/workspace/k-car/autopilot/stm32_flash.ld" -nostartfiles -Xlinker --gc-sections -Wl,-Map,autopilot.map -mcpu=cortex-m4 -mthumb -g3 -ggdb -o "autopilot.elf"  ./src/lis302dl.o ./src/main.o ./src/periph_init.o ./src/protocol.o ./src/stm32f4_discovery.o ./src/stm32f4xx_it.o ./src/system_stm32f4xx.o ./src/usb_bsp.o ./src/usbd_cdc_vcp.o ./src/usbd_desc.o ./src/usbd_usr.o  ./inc/STM32_USB_OTG_Driver/src/usb_core.o ./inc/STM32_USB_OTG_Driver/src/usb_dcd.o ./inc/STM32_USB_OTG_Driver/src/usb_dcd_int.o  ./inc/STM32_USB_Device_Library/Core/src/usbd_core.o ./inc/STM32_USB_Device_Library/Core/src/usbd_ioreq.o ./inc/STM32_USB_Device_Library/Core/src/usbd_req.o  ./inc/STM32_USB_Device_Library/Class/cdc/src/usbd_cdc_core.o  ./inc/STM32F4xx_StdPeriph_Driver/src/misc.o ./inc/STM32F4xx_StdPeriph_Driver/src/stm32f4xx_adc.o ./inc/STM32F4xx_StdPeriph_Driver/src/stm32f4xx_can.o ./inc/STM32F4xx_StdPeriph_Driver/src/stm32f4xx_crc.o ./inc/STM32F4xx_StdPeriph_Driver/src/stm32f4xx_cryp.o ./inc/STM32F4xx_StdPeriph_Driver/src/stm32f4xx_cryp_aes.o ./inc/STM32F4xx_StdPeriph_Driver/src/stm32f4xx_cryp_des.o ./inc/STM32F4xx_StdPeriph_Driver/src/stm32f4xx_cryp_tdes.o ./inc/STM32F4xx_StdPeriph_Driver/src/stm32f4xx_dac.o ./inc/STM32F4xx_StdPeriph_Driver/src/stm32f4xx_dbgmcu.o ./inc/STM32F4xx_StdPeriph_Driver/src/stm32f4xx_dcmi.o ./inc/STM32F4xx_StdPeriph_Driver/src/stm32f4xx_dma.o ./inc/STM32F4xx_StdPeriph_Driver/src/stm32f4xx_exti.o ./inc/STM32F4xx_StdPeriph_Driver/src/stm32f4xx_flash.o ./inc/STM32F4xx_StdPeriph_Driver/src/stm32f4xx_fsmc.o ./inc/STM32F4xx_StdPeriph_Driver/src/stm32f4xx_gpio.o ./inc/STM32F4xx_StdPeriph_Driver/src/stm32f4xx_hash.o ./inc/STM32F4xx_StdPeriph_Driver/src/stm32f4xx_hash_md5.o ./inc/STM32F4xx_StdPeriph_Driver/src/stm32f4xx_hash_sha1.o ./inc/STM32F4xx_StdPeriph_Driver/src/stm32f4xx_i2c.o ./inc/STM32F4xx_StdPeriph_Driver/src/stm32f4xx_iwdg.o ./inc/STM32F4xx_StdPeriph_Driver/src/stm32f4xx_pwr.o ./inc/STM32F4xx_StdPeriph_Driver/src/stm32f4xx_rcc.o ./inc/STM32F4xx_StdPeriph_Driver/src/stm32f4xx_rng.o ./inc/STM32F4xx_StdPeriph_Driver/src/stm32f4xx_rtc.o ./inc/STM32F4xx_StdPeriph_Driver/src/stm32f4xx_sdio.o ./inc/STM32F4xx_StdPeriph_Driver/src/stm32f4xx_spi.o ./inc/STM32F4xx_StdPeriph_Driver/src/stm32f4xx_syscfg.o ./inc/STM32F4xx_StdPeriph_Driver/src/stm32f4xx_tim.o ./inc/STM32F4xx_StdPeriph_Driver/src/stm32f4xx_usart.o ./inc/STM32F4xx_StdPeriph_Driver/src/stm32f4xx_wwdg.o  ./startup_stm32f4xx.o   
Finished building target: autopilot.elf
 
Invoking: ARM Sourcery Linux GNU Create Flash Image
arm-none-eabi-objcopy -O binary autopilot.elf  "autopilot.hex"
Finished building: autopilot.hex
 
Invoking: ARM Sourcery Linux GNU Create Listing
arm-none-eabi-objdump -h -S autopilot.elf > "autopilot.lst"
Finished building: autopilot.lst
 
Invoking: ARM Sourcery Linux GNU Print Size
arm-none-eabi-size  --format=berkeley autopilot.elf
   text	   data	    bss	    dec	    hex	filename
  15056	     88	   6808	  21952	   55c0	autopilot.elf
Finished building: autopilot.siz
 

20:17:05 Build Finished (took 458ms)

