19:28:14 **** Clean-only build of configuration Debug for project test ****
make clean 
rm -rf  test.siz  ./src/lis302dl.o ./src/main.o ./src/periph_init.o ./src/protocol.o ./src/stm32f4_discovery.o ./src/stm32f4xx_it.o ./src/system_stm32f4xx.o ./src/usb_bsp.o ./src/usbd_cdc_vcp.o ./src/usbd_desc.o ./src/usbd_usr.o  ./inc/STM32_USB_OTG_Driver/src/usb_core.o ./inc/STM32_USB_OTG_Driver/src/usb_dcd.o ./inc/STM32_USB_OTG_Driver/src/usb_dcd_int.o  ./inc/STM32_USB_Device_Library/Core/src/usbd_core.o ./inc/STM32_USB_Device_Library/Core/src/usbd_ioreq.o ./inc/STM32_USB_Device_Library/Core/src/usbd_req.o  ./inc/STM32_USB_Device_Library/Class/cdc/src/usbd_cdc_core.o  ./inc/STM32F4xx_StdPeriph_Driver/src/misc.o ./inc/STM32F4xx_StdPeriph_Driver/src/stm32f4xx_adc.o ./inc/STM32F4xx_StdPeriph_Driver/src/stm32f4xx_can.o ./inc/STM32F4xx_StdPeriph_Driver/src/stm32f4xx_crc.o ./inc/STM32F4xx_StdPeriph_Driver/src/stm32f4xx_cryp.o ./inc/STM32F4xx_StdPeriph_Driver/src/stm32f4xx_cryp_aes.o ./inc/STM32F4xx_StdPeriph_Driver/src/stm32f4xx_cryp_des.o ./inc/STM32F4xx_StdPeriph_Driver/src/stm32f4xx_cryp_tdes.o ./inc/STM32F4xx_StdPeriph_Driver/src/stm32f4xx_dac.o ./inc/STM32F4xx_StdPeriph_Driver/src/stm32f4xx_dbgmcu.o ./inc/STM32F4xx_StdPeriph_Driver/src/stm32f4xx_dcmi.o ./inc/STM32F4xx_StdPeriph_Driver/src/stm32f4xx_dma.o ./inc/STM32F4xx_StdPeriph_Driver/src/stm32f4xx_exti.o ./inc/STM32F4xx_StdPeriph_Driver/src/stm32f4xx_flash.o ./inc/STM32F4xx_StdPeriph_Driver/src/stm32f4xx_fsmc.o ./inc/STM32F4xx_StdPeriph_Driver/src/stm32f4xx_gpio.o ./inc/STM32F4xx_StdPeriph_Driver/src/stm32f4xx_hash.o ./inc/STM32F4xx_StdPeriph_Driver/src/stm32f4xx_hash_md5.o ./inc/STM32F4xx_StdPeriph_Driver/src/stm32f4xx_hash_sha1.o ./inc/STM32F4xx_StdPeriph_Driver/src/stm32f4xx_i2c.o ./inc/STM32F4xx_StdPeriph_Driver/src/stm32f4xx_iwdg.o ./inc/STM32F4xx_StdPeriph_Driver/src/stm32f4xx_pwr.o ./inc/STM32F4xx_StdPeriph_Driver/src/stm32f4xx_rcc.o ./inc/STM32F4xx_StdPeriph_Driver/src/stm32f4xx_rng.o ./inc/STM32F4xx_StdPeriph_Driver/src/stm32f4xx_rtc.o ./inc/STM32F4xx_StdPeriph_Driver/src/stm32f4xx_sdio.o ./inc/STM32F4xx_StdPeriph_Driver/src/stm32f4xx_spi.o ./inc/STM32F4xx_StdPeriph_Driver/src/stm32f4xx_syscfg.o ./inc/STM32F4xx_StdPeriph_Driver/src/stm32f4xx_tim.o ./inc/STM32F4xx_StdPeriph_Driver/src/stm32f4xx_usart.o ./inc/STM32F4xx_StdPeriph_Driver/src/stm32f4xx_wwdg.o  ./startup_stm32f4xx.o  ./src/lis302dl.d ./src/main.d ./src/periph_init.d ./src/protocol.d ./src/stm32f4_discovery.d ./src/stm32f4xx_it.d ./src/system_stm32f4xx.d ./src/usb_bsp.d ./src/usbd_cdc_vcp.d ./src/usbd_desc.d ./src/usbd_usr.d  ./inc/STM32_USB_OTG_Driver/src/usb_core.d ./inc/STM32_USB_OTG_Driver/src/usb_dcd.d ./inc/STM32_USB_OTG_Driver/src/usb_dcd_int.d  ./inc/STM32_USB_Device_Library/Core/src/usbd_core.d ./inc/STM32_USB_Device_Library/Core/src/usbd_ioreq.d ./inc/STM32_USB_Device_Library/Core/src/usbd_req.d  ./inc/STM32_USB_Device_Library/Class/cdc/src/usbd_cdc_core.d  ./inc/STM32F4xx_StdPeriph_Driver/src/misc.d ./inc/STM32F4xx_StdPeriph_Driver/src/stm32f4xx_adc.d ./inc/STM32F4xx_StdPeriph_Driver/src/stm32f4xx_can.d ./inc/STM32F4xx_StdPeriph_Driver/src/stm32f4xx_crc.d ./inc/STM32F4xx_StdPeriph_Driver/src/stm32f4xx_cryp.d ./inc/STM32F4xx_StdPeriph_Driver/src/stm32f4xx_cryp_aes.d ./inc/STM32F4xx_StdPeriph_Driver/src/stm32f4xx_cryp_des.d ./inc/STM32F4xx_StdPeriph_Driver/src/stm32f4xx_cryp_tdes.d ./inc/STM32F4xx_StdPeriph_Driver/src/stm32f4xx_dac.d ./inc/STM32F4xx_StdPeriph_Driver/src/stm32f4xx_dbgmcu.d ./inc/STM32F4xx_StdPeriph_Driver/src/stm32f4xx_dcmi.d ./inc/STM32F4xx_StdPeriph_Driver/src/stm32f4xx_dma.d ./inc/STM32F4xx_StdPeriph_Driver/src/stm32f4xx_exti.d ./inc/STM32F4xx_StdPeriph_Driver/src/stm32f4xx_flash.d ./inc/STM32F4xx_StdPeriph_Driver/src/stm32f4xx_fsmc.d ./inc/STM32F4xx_StdPeriph_Driver/src/stm32f4xx_gpio.d ./inc/STM32F4xx_StdPeriph_Driver/src/stm32f4xx_hash.d ./inc/STM32F4xx_StdPeriph_Driver/src/stm32f4xx_hash_md5.d ./inc/STM32F4xx_StdPeriph_Driver/src/stm32f4xx_hash_sha1.d ./inc/STM32F4xx_StdPeriph_Driver/src/stm32f4xx_i2c.d ./inc/STM32F4xx_StdPeriph_Driver/src/stm32f4xx_iwdg.d ./inc/STM32F4xx_StdPeriph_Driver/src/stm32f4xx_pwr.d ./inc/STM32F4xx_StdPeriph_Driver/src/stm32f4xx_rcc.d ./inc/STM32F4xx_StdPeriph_Driver/src/stm32f4xx_rng.d ./inc/STM32F4xx_StdPeriph_Driver/src/stm32f4xx_rtc.d ./inc/STM32F4xx_StdPeriph_Driver/src/stm32f4xx_sdio.d ./inc/STM32F4xx_StdPeriph_Driver/src/stm32f4xx_spi.d ./inc/STM32F4xx_StdPeriph_Driver/src/stm32f4xx_syscfg.d ./inc/STM32F4xx_StdPeriph_Driver/src/stm32f4xx_tim.d ./inc/STM32F4xx_StdPeriph_Driver/src/stm32f4xx_usart.d ./inc/STM32F4xx_StdPeriph_Driver/src/stm32f4xx_wwdg.d  test.hex  test.lst  ./startup_stm32f4xx.d  test.elf
 
19:28:39 **** Build of configuration Debug for project test ****
make all 
Building file: ../src/lis302dl.c
Invoking: ARM Sourcery Linux GCC C Compiler
arm-none-eabi-gcc -DUSE_STDPERIPH_DRIVER -DUSE_STM32F4_DISCOVERY -DUSE_USB_OTG_FS -DHSE_VALUE=8000000 -DSTM32F4XX -I"/home/kvv/workspace/k-car/test/inc" -I"/home/kvv/workspace/k-car/test/inc/CMSIS" -I"/home/kvv/workspace/k-car/test/inc/STM32_USB_Device_Library/Class/cdc/inc" -I"/home/kvv/workspace/k-car/test/inc/STM32_USB_Device_Library/Core/inc" -I"/home/kvv/workspace/k-car/test/inc/STM32_USB_OTG_Driver/inc" -I"/home/kvv/workspace/k-car/test/inc/STM32F4xx" -I"/home/kvv/workspace/k-car/test/inc/STM32F4xx_StdPeriph_Driver/inc" -O0 -ffunction-sections -fdata-sections -Wall -std=c99 -Wa,-adhlns="src/lis302dl.o.lst" -c -fmessage-length=0 -MMD -MP -MF"src/lis302dl.d" -MT"src/lis302dl.d" -mcpu=cortex-m4 -mthumb -g3 -gdwarf-2 -o "src/lis302dl.o" "../src/lis302dl.c"
../src/main.c:20:13: warning: 'sendData' declared 'static' but never defined
../src/main.c:22:13: warning: 'getData' declared 'static' but never defined
Finished building: ../src/lis302dl.c
 
Building file: ../src/main.c
Invoking: ARM Sourcery Linux GCC C Compiler
arm-none-eabi-gcc -DUSE_STDPERIPH_DRIVER -DUSE_STM32F4_DISCOVERY -DUSE_USB_OTG_FS -DHSE_VALUE=8000000 -DSTM32F4XX -I"/home/kvv/workspace/k-car/test/inc" -I"/home/kvv/workspace/k-car/test/inc/CMSIS" -I"/home/kvv/workspace/k-car/test/inc/STM32_USB_Device_Library/Class/cdc/inc" -I"/home/kvv/workspace/k-car/test/inc/STM32_USB_Device_Library/Core/inc" -I"/home/kvv/workspace/k-car/test/inc/STM32_USB_OTG_Driver/inc" -I"/home/kvv/workspace/k-car/test/inc/STM32F4xx" -I"/home/kvv/workspace/k-car/test/inc/STM32F4xx_StdPeriph_Driver/inc" -O0 -ffunction-sections -fdata-sections -Wall -std=c99 -Wa,-adhlns="src/main.o.lst" -c -fmessage-length=0 -MMD -MP -MF"src/main.d" -MT"src/main.d" -mcpu=cortex-m4 -mthumb -g3 -gdwarf-2 -o "src/main.o" "../src/main.c"
Finished building: ../src/main.c
 
Building file: ../src/periph_init.c
Invoking: ARM Sourcery Linux GCC C Compiler
arm-none-eabi-gcc -DUSE_STDPERIPH_DRIVER -DUSE_STM32F4_DISCOVERY -DUSE_USB_OTG_FS -DHSE_VALUE=8000000 -DSTM32F4XX -I"/home/kvv/workspace/k-car/test/inc" -I"/home/kvv/workspace/k-car/test/inc/CMSIS" -I"/home/kvv/workspace/k-car/test/inc/STM32_USB_Device_Library/Class/cdc/inc" -I"/home/kvv/workspace/k-car/test/inc/STM32_USB_Device_Library/Core/inc" -I"/home/kvv/workspace/k-car/test/inc/STM32_USB_OTG_Driver/inc" -I"/home/kvv/workspace/k-car/test/inc/STM32F4xx" -I"/home/kvv/workspace/k-car/test/inc/STM32F4xx_StdPeriph_Driver/inc" -O0 -ffunction-sections -fdata-sections -Wall -std=c99 -Wa,-adhlns="src/periph_init.o.lst" -c -fmessage-length=0 -MMD -MP -MF"src/periph_init.d" -MT"src/periph_init.d" -mcpu=cortex-m4 -mthumb -g3 -gdwarf-2 -o "src/periph_init.o" "../src/periph_init.c"
Finished building: ../src/periph_init.c
 
Building file: ../src/protocol.c
Invoking: ARM Sourcery Linux GCC C Compiler
arm-none-eabi-gcc -DUSE_STDPERIPH_DRIVER -DUSE_STM32F4_DISCOVERY -DUSE_USB_OTG_FS -DHSE_VALUE=8000000 -DSTM32F4XX -I"/home/kvv/workspace/k-car/test/inc" -I"/home/kvv/workspace/k-car/test/inc/CMSIS" -I"/home/kvv/workspace/k-car/test/inc/STM32_USB_Device_Library/Class/cdc/inc" -I"/home/kvv/workspace/k-car/test/inc/STM32_USB_Device_Library/Core/inc" -I"/home/kvv/workspace/k-car/test/inc/STM32_USB_OTG_Driver/inc" -I"/home/kvv/workspace/k-car/test/inc/STM32F4xx" -I"/home/kvv/workspace/k-car/test/inc/STM32F4xx_StdPeriph_Driver/inc" -O0 -ffunction-sections -fdata-sections -Wall -std=c99 -Wa,-adhlns="src/protocol.o.lst" -c -fmessage-length=0 -MMD -MP -MF"src/protocol.d" -MT"src/protocol.d" -mcpu=cortex-m4 -mthumb -g3 -gdwarf-2 -o "src/protocol.o" "../src/protocol.c"
Finished building: ../src/protocol.c
 
Building file: ../src/stm32f4_discovery.c
Invoking: ARM Sourcery Linux GCC C Compiler
arm-none-eabi-gcc -DUSE_STDPERIPH_DRIVER -DUSE_STM32F4_DISCOVERY -DUSE_USB_OTG_FS -DHSE_VALUE=8000000 -DSTM32F4XX -I"/home/kvv/workspace/k-car/test/inc" -I"/home/kvv/workspace/k-car/test/inc/CMSIS" -I"/home/kvv/workspace/k-car/test/inc/STM32_USB_Device_Library/Class/cdc/inc" -I"/home/kvv/workspace/k-car/test/inc/STM32_USB_Device_Library/Core/inc" -I"/home/kvv/workspace/k-car/test/inc/STM32_USB_OTG_Driver/inc" -I"/home/kvv/workspace/k-car/test/inc/STM32F4xx" -I"/home/kvv/workspace/k-car/test/inc/STM32F4xx_StdPeriph_Driver/inc" -O0 -ffunction-sections -fdata-sections -Wall -std=c99 -Wa,-adhlns="src/stm32f4_discovery.o.lst" -c -fmessage-length=0 -MMD -MP -MF"src/stm32f4_discovery.d" -MT"src/stm32f4_discovery.d" -mcpu=cortex-m4 -mthumb -g3 -gdwarf-2 -o "src/stm32f4_discovery.o" "../src/stm32f4_discovery.c"
Finished building: ../src/stm32f4_discovery.c
 
Building file: ../src/stm32f4xx_it.c
Invoking: ARM Sourcery Linux GCC C Compiler
arm-none-eabi-gcc -DUSE_STDPERIPH_DRIVER -DUSE_STM32F4_DISCOVERY -DUSE_USB_OTG_FS -DHSE_VALUE=8000000 -DSTM32F4XX -I"/home/kvv/workspace/k-car/test/inc" -I"/home/kvv/workspace/k-car/test/inc/CMSIS" -I"/home/kvv/workspace/k-car/test/inc/STM32_USB_Device_Library/Class/cdc/inc" -I"/home/kvv/workspace/k-car/test/inc/STM32_USB_Device_Library/Core/inc" -I"/home/kvv/workspace/k-car/test/inc/STM32_USB_OTG_Driver/inc" -I"/home/kvv/workspace/k-car/test/inc/STM32F4xx" -I"/home/kvv/workspace/k-car/test/inc/STM32F4xx_StdPeriph_Driver/inc" -O0 -ffunction-sections -fdata-sections -Wall -std=c99 -Wa,-adhlns="src/stm32f4xx_it.o.lst" -c -fmessage-length=0 -MMD -MP -MF"src/stm32f4xx_it.d" -MT"src/stm32f4xx_it.d" -mcpu=cortex-m4 -mthumb -g3 -gdwarf-2 -o "src/stm32f4xx_it.o" "../src/stm32f4xx_it.c"
Finished building: ../src/stm32f4xx_it.c
 
Building file: ../src/system_stm32f4xx.c
Invoking: ARM Sourcery Linux GCC C Compiler
arm-none-eabi-gcc -DUSE_STDPERIPH_DRIVER -DUSE_STM32F4_DISCOVERY -DUSE_USB_OTG_FS -DHSE_VALUE=8000000 -DSTM32F4XX -I"/home/kvv/workspace/k-car/test/inc" -I"/home/kvv/workspace/k-car/test/inc/CMSIS" -I"/home/kvv/workspace/k-car/test/inc/STM32_USB_Device_Library/Class/cdc/inc" -I"/home/kvv/workspace/k-car/test/inc/STM32_USB_Device_Library/Core/inc" -I"/home/kvv/workspace/k-car/test/inc/STM32_USB_OTG_Driver/inc" -I"/home/kvv/workspace/k-car/test/inc/STM32F4xx" -I"/home/kvv/workspace/k-car/test/inc/STM32F4xx_StdPeriph_Driver/inc" -O0 -ffunction-sections -fdata-sections -Wall -std=c99 -Wa,-adhlns="src/system_stm32f4xx.o.lst" -c -fmessage-length=0 -MMD -MP -MF"src/system_stm32f4xx.d" -MT"src/system_stm32f4xx.d" -mcpu=cortex-m4 -mthumb -g3 -gdwarf-2 -o "src/system_stm32f4xx.o" "../src/system_stm32f4xx.c"
Finished building: ../src/system_stm32f4xx.c
 
Building file: ../src/usb_bsp.c
Invoking: ARM Sourcery Linux GCC C Compiler
arm-none-eabi-gcc -DUSE_STDPERIPH_DRIVER -DUSE_STM32F4_DISCOVERY -DUSE_USB_OTG_FS -DHSE_VALUE=8000000 -DSTM32F4XX -I"/home/kvv/workspace/k-car/test/inc" -I"/home/kvv/workspace/k-car/test/inc/CMSIS" -I"/home/kvv/workspace/k-car/test/inc/STM32_USB_Device_Library/Class/cdc/inc" -I"/home/kvv/workspace/k-car/test/inc/STM32_USB_Device_Library/Core/inc" -I"/home/kvv/workspace/k-car/test/inc/STM32_USB_OTG_Driver/inc" -I"/home/kvv/workspace/k-car/test/inc/STM32F4xx" -I"/home/kvv/workspace/k-car/test/inc/STM32F4xx_StdPeriph_Driver/inc" -O0 -ffunction-sections -fdata-sections -Wall -std=c99 -Wa,-adhlns="src/usb_bsp.o.lst" -c -fmessage-length=0 -MMD -MP -MF"src/usb_bsp.d" -MT"src/usb_bsp.d" -mcpu=cortex-m4 -mthumb -g3 -gdwarf-2 -o "src/usb_bsp.o" "../src/usb_bsp.c"
Finished building: ../src/usb_bsp.c
 
Building file: ../src/usbd_cdc_vcp.c
Invoking: ARM Sourcery Linux GCC C Compiler
arm-none-eabi-gcc -DUSE_STDPERIPH_DRIVER -DUSE_STM32F4_DISCOVERY -DUSE_USB_OTG_FS -DHSE_VALUE=8000000 -DSTM32F4XX -I"/home/kvv/workspace/k-car/test/inc" -I"/home/kvv/workspace/k-car/test/inc/CMSIS" -I"/home/kvv/workspace/k-car/test/inc/STM32_USB_Device_Library/Class/cdc/inc" -I"/home/kvv/workspace/k-car/test/inc/STM32_USB_Device_Library/Core/inc" -I"/home/kvv/workspace/k-car/test/inc/STM32_USB_OTG_Driver/inc" -I"/home/kvv/workspace/k-car/test/inc/STM32F4xx" -I"/home/kvv/workspace/k-car/test/inc/STM32F4xx_StdPeriph_Driver/inc" -O0 -ffunction-sections -fdata-sections -Wall -std=c99 -Wa,-adhlns="src/usbd_cdc_vcp.o.lst" -c -fmessage-length=0 -MMD -MP -MF"src/usbd_cdc_vcp.d" -MT"src/usbd_cdc_vcp.d" -mcpu=cortex-m4 -mthumb -g3 -gdwarf-2 -o "src/usbd_cdc_vcp.o" "../src/usbd_cdc_vcp.c"
Finished building: ../src/usbd_cdc_vcp.c
 
Building file: ../src/usbd_desc.c
Invoking: ARM Sourcery Linux GCC C Compiler
arm-none-eabi-gcc -DUSE_STDPERIPH_DRIVER -DUSE_STM32F4_DISCOVERY -DUSE_USB_OTG_FS -DHSE_VALUE=8000000 -DSTM32F4XX -I"/home/kvv/workspace/k-car/test/inc" -I"/home/kvv/workspace/k-car/test/inc/CMSIS" -I"/home/kvv/workspace/k-car/test/inc/STM32_USB_Device_Library/Class/cdc/inc" -I"/home/kvv/workspace/k-car/test/inc/STM32_USB_Device_Library/Core/inc" -I"/home/kvv/workspace/k-car/test/inc/STM32_USB_OTG_Driver/inc" -I"/home/kvv/workspace/k-car/test/inc/STM32F4xx" -I"/home/kvv/workspace/k-car/test/inc/STM32F4xx_StdPeriph_Driver/inc" -O0 -ffunction-sections -fdata-sections -Wall -std=c99 -Wa,-adhlns="src/usbd_desc.o.lst" -c -fmessage-length=0 -MMD -MP -MF"src/usbd_desc.d" -MT"src/usbd_desc.d" -mcpu=cortex-m4 -mthumb -g3 -gdwarf-2 -o "src/usbd_desc.o" "../src/usbd_desc.c"
Finished building: ../src/usbd_desc.c
 
Building file: ../src/usbd_usr.c
Invoking: ARM Sourcery Linux GCC C Compiler
arm-none-eabi-gcc -DUSE_STDPERIPH_DRIVER -DUSE_STM32F4_DISCOVERY -DUSE_USB_OTG_FS -DHSE_VALUE=8000000 -DSTM32F4XX -I"/home/kvv/workspace/k-car/test/inc" -I"/home/kvv/workspace/k-car/test/inc/CMSIS" -I"/home/kvv/workspace/k-car/test/inc/STM32_USB_Device_Library/Class/cdc/inc" -I"/home/kvv/workspace/k-car/test/inc/STM32_USB_Device_Library/Core/inc" -I"/home/kvv/workspace/k-car/test/inc/STM32_USB_OTG_Driver/inc" -I"/home/kvv/workspace/k-car/test/inc/STM32F4xx" -I"/home/kvv/workspace/k-car/test/inc/STM32F4xx_StdPeriph_Driver/inc" -O0 -ffunction-sections -fdata-sections -Wall -std=c99 -Wa,-adhlns="src/usbd_usr.o.lst" -c -fmessage-length=0 -MMD -MP -MF"src/usbd_usr.d" -MT"src/usbd_usr.d" -mcpu=cortex-m4 -mthumb -g3 -gdwarf-2 -o "src/usbd_usr.o" "../src/usbd_usr.c"
Finished building: ../src/usbd_usr.c
 
Building file: ../inc/STM32_USB_OTG_Driver/src/usb_core.c
Invoking: ARM Sourcery Linux GCC C Compiler
arm-none-eabi-gcc -DUSE_STDPERIPH_DRIVER -DUSE_STM32F4_DISCOVERY -DUSE_USB_OTG_FS -DHSE_VALUE=8000000 -DSTM32F4XX -I"/home/kvv/workspace/k-car/test/inc" -I"/home/kvv/workspace/k-car/test/inc/CMSIS" -I"/home/kvv/workspace/k-car/test/inc/STM32_USB_Device_Library/Class/cdc/inc" -I"/home/kvv/workspace/k-car/test/inc/STM32_USB_Device_Library/Core/inc" -I"/home/kvv/workspace/k-car/test/inc/STM32_USB_OTG_Driver/inc" -I"/home/kvv/workspace/k-car/test/inc/STM32F4xx" -I"/home/kvv/workspace/k-car/test/inc/STM32F4xx_StdPeriph_Driver/inc" -O0 -ffunction-sections -fdata-sections -Wall -std=c99 -Wa,-adhlns="inc/STM32_USB_OTG_Driver/src/usb_core.o.lst" -c -fmessage-length=0 -MMD -MP -MF"inc/STM32_USB_OTG_Driver/src/usb_core.d" -MT"inc/STM32_USB_OTG_Driver/src/usb_core.d" -mcpu=cortex-m4 -mthumb -g3 -gdwarf-2 -o "inc/STM32_USB_OTG_Driver/src/usb_core.o" "../inc/STM32_USB_OTG_Driver/src/usb_core.c"
Finished building: ../inc/STM32_USB_OTG_Driver/src/usb_core.c
 
Building file: ../inc/STM32_USB_OTG_Driver/src/usb_dcd.c
Invoking: ARM Sourcery Linux GCC C Compiler
arm-none-eabi-gcc -DUSE_STDPERIPH_DRIVER -DUSE_STM32F4_DISCOVERY -DUSE_USB_OTG_FS -DHSE_VALUE=8000000 -DSTM32F4XX -I"/home/kvv/workspace/k-car/test/inc" -I"/home/kvv/workspace/k-car/test/inc/CMSIS" -I"/home/kvv/workspace/k-car/test/inc/STM32_USB_Device_Library/Class/cdc/inc" -I"/home/kvv/workspace/k-car/test/inc/STM32_USB_Device_Library/Core/inc" -I"/home/kvv/workspace/k-car/test/inc/STM32_USB_OTG_Driver/inc" -I"/home/kvv/workspace/k-car/test/inc/STM32F4xx" -I"/home/kvv/workspace/k-car/test/inc/STM32F4xx_StdPeriph_Driver/inc" -O0 -ffunction-sections -fdata-sections -Wall -std=c99 -Wa,-adhlns="inc/STM32_USB_OTG_Driver/src/usb_dcd.o.lst" -c -fmessage-length=0 -MMD -MP -MF"inc/STM32_USB_OTG_Driver/src/usb_dcd.d" -MT"inc/STM32_USB_OTG_Driver/src/usb_dcd.d" -mcpu=cortex-m4 -mthumb -g3 -gdwarf-2 -o "inc/STM32_USB_OTG_Driver/src/usb_dcd.o" "../inc/STM32_USB_OTG_Driver/src/usb_dcd.c"
Finished building: ../inc/STM32_USB_OTG_Driver/src/usb_dcd.c
 
Building file: ../inc/STM32_USB_OTG_Driver/src/usb_dcd_int.c
Invoking: ARM Sourcery Linux GCC C Compiler
arm-none-eabi-gcc -DUSE_STDPERIPH_DRIVER -DUSE_STM32F4_DISCOVERY -DUSE_USB_OTG_FS -DHSE_VALUE=8000000 -DSTM32F4XX -I"/home/kvv/workspace/k-car/test/inc" -I"/home/kvv/workspace/k-car/test/inc/CMSIS" -I"/home/kvv/workspace/k-car/test/inc/STM32_USB_Device_Library/Class/cdc/inc" -I"/home/kvv/workspace/k-car/test/inc/STM32_USB_Device_Library/Core/inc" -I"/home/kvv/workspace/k-car/test/inc/STM32_USB_OTG_Driver/inc" -I"/home/kvv/workspace/k-car/test/inc/STM32F4xx" -I"/home/kvv/workspace/k-car/test/inc/STM32F4xx_StdPeriph_Driver/inc" -O0 -ffunction-sections -fdata-sections -Wall -std=c99 -Wa,-adhlns="inc/STM32_USB_OTG_Driver/src/usb_dcd_int.o.lst" -c -fmessage-length=0 -MMD -MP -MF"inc/STM32_USB_OTG_Driver/src/usb_dcd_int.d" -MT"inc/STM32_USB_OTG_Driver/src/usb_dcd_int.d" -mcpu=cortex-m4 -mthumb -g3 -gdwarf-2 -o "inc/STM32_USB_OTG_Driver/src/usb_dcd_int.o" "../inc/STM32_USB_OTG_Driver/src/usb_dcd_int.c"
Finished building: ../inc/STM32_USB_OTG_Driver/src/usb_dcd_int.c
 
Building file: ../inc/STM32_USB_Device_Library/Core/src/usbd_core.c
Invoking: ARM Sourcery Linux GCC C Compiler
arm-none-eabi-gcc -DUSE_STDPERIPH_DRIVER -DUSE_STM32F4_DISCOVERY -DUSE_USB_OTG_FS -DHSE_VALUE=8000000 -DSTM32F4XX -I"/home/kvv/workspace/k-car/test/inc" -I"/home/kvv/workspace/k-car/test/inc/CMSIS" -I"/home/kvv/workspace/k-car/test/inc/STM32_USB_Device_Library/Class/cdc/inc" -I"/home/kvv/workspace/k-car/test/inc/STM32_USB_Device_Library/Core/inc" -I"/home/kvv/workspace/k-car/test/inc/STM32_USB_OTG_Driver/inc" -I"/home/kvv/workspace/k-car/test/inc/STM32F4xx" -I"/home/kvv/workspace/k-car/test/inc/STM32F4xx_StdPeriph_Driver/inc" -O0 -ffunction-sections -fdata-sections -Wall -std=c99 -Wa,-adhlns="inc/STM32_USB_Device_Library/Core/src/usbd_core.o.lst" -c -fmessage-length=0 -MMD -MP -MF"inc/STM32_USB_Device_Library/Core/src/usbd_core.d" -MT"inc/STM32_USB_Device_Library/Core/src/usbd_core.d" -mcpu=cortex-m4 -mthumb -g3 -gdwarf-2 -o "inc/STM32_USB_Device_Library/Core/src/usbd_core.o" "../inc/STM32_USB_Device_Library/Core/src/usbd_core.c"
Finished building: ../inc/STM32_USB_Device_Library/Core/src/usbd_core.c
 
Building file: ../inc/STM32_USB_Device_Library/Core/src/usbd_ioreq.c
Invoking: ARM Sourcery Linux GCC C Compiler
arm-none-eabi-gcc -DUSE_STDPERIPH_DRIVER -DUSE_STM32F4_DISCOVERY -DUSE_USB_OTG_FS -DHSE_VALUE=8000000 -DSTM32F4XX -I"/home/kvv/workspace/k-car/test/inc" -I"/home/kvv/workspace/k-car/test/inc/CMSIS" -I"/home/kvv/workspace/k-car/test/inc/STM32_USB_Device_Library/Class/cdc/inc" -I"/home/kvv/workspace/k-car/test/inc/STM32_USB_Device_Library/Core/inc" -I"/home/kvv/workspace/k-car/test/inc/STM32_USB_OTG_Driver/inc" -I"/home/kvv/workspace/k-car/test/inc/STM32F4xx" -I"/home/kvv/workspace/k-car/test/inc/STM32F4xx_StdPeriph_Driver/inc" -O0 -ffunction-sections -fdata-sections -Wall -std=c99 -Wa,-adhlns="inc/STM32_USB_Device_Library/Core/src/usbd_ioreq.o.lst" -c -fmessage-length=0 -MMD -MP -MF"inc/STM32_USB_Device_Library/Core/src/usbd_ioreq.d" -MT"inc/STM32_USB_Device_Library/Core/src/usbd_ioreq.d" -mcpu=cortex-m4 -mthumb -g3 -gdwarf-2 -o "inc/STM32_USB_Device_Library/Core/src/usbd_ioreq.o" "../inc/STM32_USB_Device_Library/Core/src/usbd_ioreq.c"
Finished building: ../inc/STM32_USB_Device_Library/Core/src/usbd_ioreq.c
 
Building file: ../inc/STM32_USB_Device_Library/Core/src/usbd_req.c
Invoking: ARM Sourcery Linux GCC C Compiler
arm-none-eabi-gcc -DUSE_STDPERIPH_DRIVER -DUSE_STM32F4_DISCOVERY -DUSE_USB_OTG_FS -DHSE_VALUE=8000000 -DSTM32F4XX -I"/home/kvv/workspace/k-car/test/inc" -I"/home/kvv/workspace/k-car/test/inc/CMSIS" -I"/home/kvv/workspace/k-car/test/inc/STM32_USB_Device_Library/Class/cdc/inc" -I"/home/kvv/workspace/k-car/test/inc/STM32_USB_Device_Library/Core/inc" -I"/home/kvv/workspace/k-car/test/inc/STM32_USB_OTG_Driver/inc" -I"/home/kvv/workspace/k-car/test/inc/STM32F4xx" -I"/home/kvv/workspace/k-car/test/inc/STM32F4xx_StdPeriph_Driver/inc" -O0 -ffunction-sections -fdata-sections -Wall -std=c99 -Wa,-adhlns="inc/STM32_USB_Device_Library/Core/src/usbd_req.o.lst" -c -fmessage-length=0 -MMD -MP -MF"inc/STM32_USB_Device_Library/Core/src/usbd_req.d" -MT"inc/STM32_USB_Device_Library/Core/src/usbd_req.d" -mcpu=cortex-m4 -mthumb -g3 -gdwarf-2 -o "inc/STM32_USB_Device_Library/Core/src/usbd_req.o" "../inc/STM32_USB_Device_Library/Core/src/usbd_req.c"
Finished building: ../inc/STM32_USB_Device_Library/Core/src/usbd_req.c
 
Building file: ../inc/STM32_USB_Device_Library/Class/cdc/src/usbd_cdc_core.c
Invoking: ARM Sourcery Linux GCC C Compiler
arm-none-eabi-gcc -DUSE_STDPERIPH_DRIVER -DUSE_STM32F4_DISCOVERY -DUSE_USB_OTG_FS -DHSE_VALUE=8000000 -DSTM32F4XX -I"/home/kvv/workspace/k-car/test/inc" -I"/home/kvv/workspace/k-car/test/inc/CMSIS" -I"/home/kvv/workspace/k-car/test/inc/STM32_USB_Device_Library/Class/cdc/inc" -I"/home/kvv/workspace/k-car/test/inc/STM32_USB_Device_Library/Core/inc" -I"/home/kvv/workspace/k-car/test/inc/STM32_USB_OTG_Driver/inc" -I"/home/kvv/workspace/k-car/test/inc/STM32F4xx" -I"/home/kvv/workspace/k-car/test/inc/STM32F4xx_StdPeriph_Driver/inc" -O0 -ffunction-sections -fdata-sections -Wall -std=c99 -Wa,-adhlns="inc/STM32_USB_Device_Library/Class/cdc/src/usbd_cdc_core.o.lst" -c -fmessage-length=0 -MMD -MP -MF"inc/STM32_USB_Device_Library/Class/cdc/src/usbd_cdc_core.d" -MT"inc/STM32_USB_Device_Library/Class/cdc/src/usbd_cdc_core.d" -mcpu=cortex-m4 -mthumb -g3 -gdwarf-2 -o "inc/STM32_USB_Device_Library/Class/cdc/src/usbd_cdc_core.o" "../inc/STM32_USB_Device_Library/Class/cdc/src/usbd_cdc_core.c"
Finished building: ../inc/STM32_USB_Device_Library/Class/cdc/src/usbd_cdc_core.c
 
Building file: ../inc/STM32F4xx_StdPeriph_Driver/src/misc.c
Invoking: ARM Sourcery Linux GCC C Compiler
arm-none-eabi-gcc -DUSE_STDPERIPH_DRIVER -DUSE_STM32F4_DISCOVERY -DUSE_USB_OTG_FS -DHSE_VALUE=8000000 -DSTM32F4XX -I"/home/kvv/workspace/k-car/test/inc" -I"/home/kvv/workspace/k-car/test/inc/CMSIS" -I"/home/kvv/workspace/k-car/test/inc/STM32_USB_Device_Library/Class/cdc/inc" -I"/home/kvv/workspace/k-car/test/inc/STM32_USB_Device_Library/Core/inc" -I"/home/kvv/workspace/k-car/test/inc/STM32_USB_OTG_Driver/inc" -I"/home/kvv/workspace/k-car/test/inc/STM32F4xx" -I"/home/kvv/workspace/k-car/test/inc/STM32F4xx_StdPeriph_Driver/inc" -O0 -ffunction-sections -fdata-sections -Wall -std=c99 -Wa,-adhlns="inc/STM32F4xx_StdPeriph_Driver/src/misc.o.lst" -c -fmessage-length=0 -MMD -MP -MF"inc/STM32F4xx_StdPeriph_Driver/src/misc.d" -MT"inc/STM32F4xx_StdPeriph_Driver/src/misc.d" -mcpu=cortex-m4 -mthumb -g3 -gdwarf-2 -o "inc/STM32F4xx_StdPeriph_Driver/src/misc.o" "../inc/STM32F4xx_StdPeriph_Driver/src/misc.c"
Finished building: ../inc/STM32F4xx_StdPeriph_Driver/src/misc.c
 
Building file: ../inc/STM32F4xx_StdPeriph_Driver/src/stm32f4xx_adc.c
Invoking: ARM Sourcery Linux GCC C Compiler
arm-none-eabi-gcc -DUSE_STDPERIPH_DRIVER -DUSE_STM32F4_DISCOVERY -DUSE_USB_OTG_FS -DHSE_VALUE=8000000 -DSTM32F4XX -I"/home/kvv/workspace/k-car/test/inc" -I"/home/kvv/workspace/k-car/test/inc/CMSIS" -I"/home/kvv/workspace/k-car/test/inc/STM32_USB_Device_Library/Class/cdc/inc" -I"/home/kvv/workspace/k-car/test/inc/STM32_USB_Device_Library/Core/inc" -I"/home/kvv/workspace/k-car/test/inc/STM32_USB_OTG_Driver/inc" -I"/home/kvv/workspace/k-car/test/inc/STM32F4xx" -I"/home/kvv/workspace/k-car/test/inc/STM32F4xx_StdPeriph_Driver/inc" -O0 -ffunction-sections -fdata-sections -Wall -std=c99 -Wa,-adhlns="inc/STM32F4xx_StdPeriph_Driver/src/stm32f4xx_adc.o.lst" -c -fmessage-length=0 -MMD -MP -MF"inc/STM32F4xx_StdPeriph_Driver/src/stm32f4xx_adc.d" -MT"inc/STM32F4xx_StdPeriph_Driver/src/stm32f4xx_adc.d" -mcpu=cortex-m4 -mthumb -g3 -gdwarf-2 -o "inc/STM32F4xx_StdPeriph_Driver/src/stm32f4xx_adc.o" "../inc/STM32F4xx_StdPeriph_Driver/src/stm32f4xx_adc.c"
Finished building: ../inc/STM32F4xx_StdPeriph_Driver/src/stm32f4xx_adc.c
 
Building file: ../inc/STM32F4xx_StdPeriph_Driver/src/stm32f4xx_can.c
Invoking: ARM Sourcery Linux GCC C Compiler
arm-none-eabi-gcc -DUSE_STDPERIPH_DRIVER -DUSE_STM32F4_DISCOVERY -DUSE_USB_OTG_FS -DHSE_VALUE=8000000 -DSTM32F4XX -I"/home/kvv/workspace/k-car/test/inc" -I"/home/kvv/workspace/k-car/test/inc/CMSIS" -I"/home/kvv/workspace/k-car/test/inc/STM32_USB_Device_Library/Class/cdc/inc" -I"/home/kvv/workspace/k-car/test/inc/STM32_USB_Device_Library/Core/inc" -I"/home/kvv/workspace/k-car/test/inc/STM32_USB_OTG_Driver/inc" -I"/home/kvv/workspace/k-car/test/inc/STM32F4xx" -I"/home/kvv/workspace/k-car/test/inc/STM32F4xx_StdPeriph_Driver/inc" -O0 -ffunction-sections -fdata-sections -Wall -std=c99 -Wa,-adhlns="inc/STM32F4xx_StdPeriph_Driver/src/stm32f4xx_can.o.lst" -c -fmessage-length=0 -MMD -MP -MF"inc/STM32F4xx_StdPeriph_Driver/src/stm32f4xx_can.d" -MT"inc/STM32F4xx_StdPeriph_Driver/src/stm32f4xx_can.d" -mcpu=cortex-m4 -mthumb -g3 -gdwarf-2 -o "inc/STM32F4xx_StdPeriph_Driver/src/stm32f4xx_can.o" "../inc/STM32F4xx_StdPeriph_Driver/src/stm32f4xx_can.c"
Finished building: ../inc/STM32F4xx_StdPeriph_Driver/src/stm32f4xx_can.c
 
Building file: ../inc/STM32F4xx_StdPeriph_Driver/src/stm32f4xx_crc.c
Invoking: ARM Sourcery Linux GCC C Compiler
arm-none-eabi-gcc -DUSE_STDPERIPH_DRIVER -DUSE_STM32F4_DISCOVERY -DUSE_USB_OTG_FS -DHSE_VALUE=8000000 -DSTM32F4XX -I"/home/kvv/workspace/k-car/test/inc" -I"/home/kvv/workspace/k-car/test/inc/CMSIS" -I"/home/kvv/workspace/k-car/test/inc/STM32_USB_Device_Library/Class/cdc/inc" -I"/home/kvv/workspace/k-car/test/inc/STM32_USB_Device_Library/Core/inc" -I"/home/kvv/workspace/k-car/test/inc/STM32_USB_OTG_Driver/inc" -I"/home/kvv/workspace/k-car/test/inc/STM32F4xx" -I"/home/kvv/workspace/k-car/test/inc/STM32F4xx_StdPeriph_Driver/inc" -O0 -ffunction-sections -fdata-sections -Wall -std=c99 -Wa,-adhlns="inc/STM32F4xx_StdPeriph_Driver/src/stm32f4xx_crc.o.lst" -c -fmessage-length=0 -MMD -MP -MF"inc/STM32F4xx_StdPeriph_Driver/src/stm32f4xx_crc.d" -MT"inc/STM32F4xx_StdPeriph_Driver/src/stm32f4xx_crc.d" -mcpu=cortex-m4 -mthumb -g3 -gdwarf-2 -o "inc/STM32F4xx_StdPeriph_Driver/src/stm32f4xx_crc.o" "../inc/STM32F4xx_StdPeriph_Driver/src/stm32f4xx_crc.c"
Finished building: ../inc/STM32F4xx_StdPeriph_Driver/src/stm32f4xx_crc.c
 
Building file: ../inc/STM32F4xx_StdPeriph_Driver/src/stm32f4xx_cryp.c
Invoking: ARM Sourcery Linux GCC C Compiler
arm-none-eabi-gcc -DUSE_STDPERIPH_DRIVER -DUSE_STM32F4_DISCOVERY -DUSE_USB_OTG_FS -DHSE_VALUE=8000000 -DSTM32F4XX -I"/home/kvv/workspace/k-car/test/inc" -I"/home/kvv/workspace/k-car/test/inc/CMSIS" -I"/home/kvv/workspace/k-car/test/inc/STM32_USB_Device_Library/Class/cdc/inc" -I"/home/kvv/workspace/k-car/test/inc/STM32_USB_Device_Library/Core/inc" -I"/home/kvv/workspace/k-car/test/inc/STM32_USB_OTG_Driver/inc" -I"/home/kvv/workspace/k-car/test/inc/STM32F4xx" -I"/home/kvv/workspace/k-car/test/inc/STM32F4xx_StdPeriph_Driver/inc" -O0 -ffunction-sections -fdata-sections -Wall -std=c99 -Wa,-adhlns="inc/STM32F4xx_StdPeriph_Driver/src/stm32f4xx_cryp.o.lst" -c -fmessage-length=0 -MMD -MP -MF"inc/STM32F4xx_StdPeriph_Driver/src/stm32f4xx_cryp.d" -MT"inc/STM32F4xx_StdPeriph_Driver/src/stm32f4xx_cryp.d" -mcpu=cortex-m4 -mthumb -g3 -gdwarf-2 -o "inc/STM32F4xx_StdPeriph_Driver/src/stm32f4xx_cryp.o" "../inc/STM32F4xx_StdPeriph_Driver/src/stm32f4xx_cryp.c"
Finished building: ../inc/STM32F4xx_StdPeriph_Driver/src/stm32f4xx_cryp.c
 
Building file: ../inc/STM32F4xx_StdPeriph_Driver/src/stm32f4xx_cryp_aes.c
Invoking: ARM Sourcery Linux GCC C Compiler
arm-none-eabi-gcc -DUSE_STDPERIPH_DRIVER -DUSE_STM32F4_DISCOVERY -DUSE_USB_OTG_FS -DHSE_VALUE=8000000 -DSTM32F4XX -I"/home/kvv/workspace/k-car/test/inc" -I"/home/kvv/workspace/k-car/test/inc/CMSIS" -I"/home/kvv/workspace/k-car/test/inc/STM32_USB_Device_Library/Class/cdc/inc" -I"/home/kvv/workspace/k-car/test/inc/STM32_USB_Device_Library/Core/inc" -I"/home/kvv/workspace/k-car/test/inc/STM32_USB_OTG_Driver/inc" -I"/home/kvv/workspace/k-car/test/inc/STM32F4xx" -I"/home/kvv/workspace/k-car/test/inc/STM32F4xx_StdPeriph_Driver/inc" -O0 -ffunction-sections -fdata-sections -Wall -std=c99 -Wa,-adhlns="inc/STM32F4xx_StdPeriph_Driver/src/stm32f4xx_cryp_aes.o.lst" -c -fmessage-length=0 -MMD -MP -MF"inc/STM32F4xx_StdPeriph_Driver/src/stm32f4xx_cryp_aes.d" -MT"inc/STM32F4xx_StdPeriph_Driver/src/stm32f4xx_cryp_aes.d" -mcpu=cortex-m4 -mthumb -g3 -gdwarf-2 -o "inc/STM32F4xx_StdPeriph_Driver/src/stm32f4xx_cryp_aes.o" "../inc/STM32F4xx_StdPeriph_Driver/src/stm32f4xx_cryp_aes.c"
Finished building: ../inc/STM32F4xx_StdPeriph_Driver/src/stm32f4xx_cryp_aes.c
 
Building file: ../inc/STM32F4xx_StdPeriph_Driver/src/stm32f4xx_cryp_des.c
Invoking: ARM Sourcery Linux GCC C Compiler
arm-none-eabi-gcc -DUSE_STDPERIPH_DRIVER -DUSE_STM32F4_DISCOVERY -DUSE_USB_OTG_FS -DHSE_VALUE=8000000 -DSTM32F4XX -I"/home/kvv/workspace/k-car/test/inc" -I"/home/kvv/workspace/k-car/test/inc/CMSIS" -I"/home/kvv/workspace/k-car/test/inc/STM32_USB_Device_Library/Class/cdc/inc" -I"/home/kvv/workspace/k-car/test/inc/STM32_USB_Device_Library/Core/inc" -I"/home/kvv/workspace/k-car/test/inc/STM32_USB_OTG_Driver/inc" -I"/home/kvv/workspace/k-car/test/inc/STM32F4xx" -I"/home/kvv/workspace/k-car/test/inc/STM32F4xx_StdPeriph_Driver/inc" -O0 -ffunction-sections -fdata-sections -Wall -std=c99 -Wa,-adhlns="inc/STM32F4xx_StdPeriph_Driver/src/stm32f4xx_cryp_des.o.lst" -c -fmessage-length=0 -MMD -MP -MF"inc/STM32F4xx_StdPeriph_Driver/src/stm32f4xx_cryp_des.d" -MT"inc/STM32F4xx_StdPeriph_Driver/src/stm32f4xx_cryp_des.d" -mcpu=cortex-m4 -mthumb -g3 -gdwarf-2 -o "inc/STM32F4xx_StdPeriph_Driver/src/stm32f4xx_cryp_des.o" "../inc/STM32F4xx_StdPeriph_Driver/src/stm32f4xx_cryp_des.c"
Finished building: ../inc/STM32F4xx_StdPeriph_Driver/src/stm32f4xx_cryp_des.c
 
Building file: ../inc/STM32F4xx_StdPeriph_Driver/src/stm32f4xx_cryp_tdes.c
Invoking: ARM Sourcery Linux GCC C Compiler
arm-none-eabi-gcc -DUSE_STDPERIPH_DRIVER -DUSE_STM32F4_DISCOVERY -DUSE_USB_OTG_FS -DHSE_VALUE=8000000 -DSTM32F4XX -I"/home/kvv/workspace/k-car/test/inc" -I"/home/kvv/workspace/k-car/test/inc/CMSIS" -I"/home/kvv/workspace/k-car/test/inc/STM32_USB_Device_Library/Class/cdc/inc" -I"/home/kvv/workspace/k-car/test/inc/STM32_USB_Device_Library/Core/inc" -I"/home/kvv/workspace/k-car/test/inc/STM32_USB_OTG_Driver/inc" -I"/home/kvv/workspace/k-car/test/inc/STM32F4xx" -I"/home/kvv/workspace/k-car/test/inc/STM32F4xx_StdPeriph_Driver/inc" -O0 -ffunction-sections -fdata-sections -Wall -std=c99 -Wa,-adhlns="inc/STM32F4xx_StdPeriph_Driver/src/stm32f4xx_cryp_tdes.o.lst" -c -fmessage-length=0 -MMD -MP -MF"inc/STM32F4xx_StdPeriph_Driver/src/stm32f4xx_cryp_tdes.d" -MT"inc/STM32F4xx_StdPeriph_Driver/src/stm32f4xx_cryp_tdes.d" -mcpu=cortex-m4 -mthumb -g3 -gdwarf-2 -o "inc/STM32F4xx_StdPeriph_Driver/src/stm32f4xx_cryp_tdes.o" "../inc/STM32F4xx_StdPeriph_Driver/src/stm32f4xx_cryp_tdes.c"
Finished building: ../inc/STM32F4xx_StdPeriph_Driver/src/stm32f4xx_cryp_tdes.c
 
Building file: ../inc/STM32F4xx_StdPeriph_Driver/src/stm32f4xx_dac.c
Invoking: ARM Sourcery Linux GCC C Compiler
arm-none-eabi-gcc -DUSE_STDPERIPH_DRIVER -DUSE_STM32F4_DISCOVERY -DUSE_USB_OTG_FS -DHSE_VALUE=8000000 -DSTM32F4XX -I"/home/kvv/workspace/k-car/test/inc" -I"/home/kvv/workspace/k-car/test/inc/CMSIS" -I"/home/kvv/workspace/k-car/test/inc/STM32_USB_Device_Library/Class/cdc/inc" -I"/home/kvv/workspace/k-car/test/inc/STM32_USB_Device_Library/Core/inc" -I"/home/kvv/workspace/k-car/test/inc/STM32_USB_OTG_Driver/inc" -I"/home/kvv/workspace/k-car/test/inc/STM32F4xx" -I"/home/kvv/workspace/k-car/test/inc/STM32F4xx_StdPeriph_Driver/inc" -O0 -ffunction-sections -fdata-sections -Wall -std=c99 -Wa,-adhlns="inc/STM32F4xx_StdPeriph_Driver/src/stm32f4xx_dac.o.lst" -c -fmessage-length=0 -MMD -MP -MF"inc/STM32F4xx_StdPeriph_Driver/src/stm32f4xx_dac.d" -MT"inc/STM32F4xx_StdPeriph_Driver/src/stm32f4xx_dac.d" -mcpu=cortex-m4 -mthumb -g3 -gdwarf-2 -o "inc/STM32F4xx_StdPeriph_Driver/src/stm32f4xx_dac.o" "../inc/STM32F4xx_StdPeriph_Driver/src/stm32f4xx_dac.c"
Finished building: ../inc/STM32F4xx_StdPeriph_Driver/src/stm32f4xx_dac.c
 
Building file: ../inc/STM32F4xx_StdPeriph_Driver/src/stm32f4xx_dbgmcu.c
Invoking: ARM Sourcery Linux GCC C Compiler
arm-none-eabi-gcc -DUSE_STDPERIPH_DRIVER -DUSE_STM32F4_DISCOVERY -DUSE_USB_OTG_FS -DHSE_VALUE=8000000 -DSTM32F4XX -I"/home/kvv/workspace/k-car/test/inc" -I"/home/kvv/workspace/k-car/test/inc/CMSIS" -I"/home/kvv/workspace/k-car/test/inc/STM32_USB_Device_Library/Class/cdc/inc" -I"/home/kvv/workspace/k-car/test/inc/STM32_USB_Device_Library/Core/inc" -I"/home/kvv/workspace/k-car/test/inc/STM32_USB_OTG_Driver/inc" -I"/home/kvv/workspace/k-car/test/inc/STM32F4xx" -I"/home/kvv/workspace/k-car/test/inc/STM32F4xx_StdPeriph_Driver/inc" -O0 -ffunction-sections -fdata-sections -Wall -std=c99 -Wa,-adhlns="inc/STM32F4xx_StdPeriph_Driver/src/stm32f4xx_dbgmcu.o.lst" -c -fmessage-length=0 -MMD -MP -MF"inc/STM32F4xx_StdPeriph_Driver/src/stm32f4xx_dbgmcu.d" -MT"inc/STM32F4xx_StdPeriph_Driver/src/stm32f4xx_dbgmcu.d" -mcpu=cortex-m4 -mthumb -g3 -gdwarf-2 -o "inc/STM32F4xx_StdPeriph_Driver/src/stm32f4xx_dbgmcu.o" "../inc/STM32F4xx_StdPeriph_Driver/src/stm32f4xx_dbgmcu.c"
Finished building: ../inc/STM32F4xx_StdPeriph_Driver/src/stm32f4xx_dbgmcu.c
 
Building file: ../inc/STM32F4xx_StdPeriph_Driver/src/stm32f4xx_dcmi.c
Invoking: ARM Sourcery Linux GCC C Compiler
arm-none-eabi-gcc -DUSE_STDPERIPH_DRIVER -DUSE_STM32F4_DISCOVERY -DUSE_USB_OTG_FS -DHSE_VALUE=8000000 -DSTM32F4XX -I"/home/kvv/workspace/k-car/test/inc" -I"/home/kvv/workspace/k-car/test/inc/CMSIS" -I"/home/kvv/workspace/k-car/test/inc/STM32_USB_Device_Library/Class/cdc/inc" -I"/home/kvv/workspace/k-car/test/inc/STM32_USB_Device_Library/Core/inc" -I"/home/kvv/workspace/k-car/test/inc/STM32_USB_OTG_Driver/inc" -I"/home/kvv/workspace/k-car/test/inc/STM32F4xx" -I"/home/kvv/workspace/k-car/test/inc/STM32F4xx_StdPeriph_Driver/inc" -O0 -ffunction-sections -fdata-sections -Wall -std=c99 -Wa,-adhlns="inc/STM32F4xx_StdPeriph_Driver/src/stm32f4xx_dcmi.o.lst" -c -fmessage-length=0 -MMD -MP -MF"inc/STM32F4xx_StdPeriph_Driver/src/stm32f4xx_dcmi.d" -MT"inc/STM32F4xx_StdPeriph_Driver/src/stm32f4xx_dcmi.d" -mcpu=cortex-m4 -mthumb -g3 -gdwarf-2 -o "inc/STM32F4xx_StdPeriph_Driver/src/stm32f4xx_dcmi.o" "../inc/STM32F4xx_StdPeriph_Driver/src/stm32f4xx_dcmi.c"
Finished building: ../inc/STM32F4xx_StdPeriph_Driver/src/stm32f4xx_dcmi.c
 
Building file: ../inc/STM32F4xx_StdPeriph_Driver/src/stm32f4xx_dma.c
Invoking: ARM Sourcery Linux GCC C Compiler
arm-none-eabi-gcc -DUSE_STDPERIPH_DRIVER -DUSE_STM32F4_DISCOVERY -DUSE_USB_OTG_FS -DHSE_VALUE=8000000 -DSTM32F4XX -I"/home/kvv/workspace/k-car/test/inc" -I"/home/kvv/workspace/k-car/test/inc/CMSIS" -I"/home/kvv/workspace/k-car/test/inc/STM32_USB_Device_Library/Class/cdc/inc" -I"/home/kvv/workspace/k-car/test/inc/STM32_USB_Device_Library/Core/inc" -I"/home/kvv/workspace/k-car/test/inc/STM32_USB_OTG_Driver/inc" -I"/home/kvv/workspace/k-car/test/inc/STM32F4xx" -I"/home/kvv/workspace/k-car/test/inc/STM32F4xx_StdPeriph_Driver/inc" -O0 -ffunction-sections -fdata-sections -Wall -std=c99 -Wa,-adhlns="inc/STM32F4xx_StdPeriph_Driver/src/stm32f4xx_dma.o.lst" -c -fmessage-length=0 -MMD -MP -MF"inc/STM32F4xx_StdPeriph_Driver/src/stm32f4xx_dma.d" -MT"inc/STM32F4xx_StdPeriph_Driver/src/stm32f4xx_dma.d" -mcpu=cortex-m4 -mthumb -g3 -gdwarf-2 -o "inc/STM32F4xx_StdPeriph_Driver/src/stm32f4xx_dma.o" "../inc/STM32F4xx_StdPeriph_Driver/src/stm32f4xx_dma.c"
Finished building: ../inc/STM32F4xx_StdPeriph_Driver/src/stm32f4xx_dma.c
 
Building file: ../inc/STM32F4xx_StdPeriph_Driver/src/stm32f4xx_exti.c
Invoking: ARM Sourcery Linux GCC C Compiler
arm-none-eabi-gcc -DUSE_STDPERIPH_DRIVER -DUSE_STM32F4_DISCOVERY -DUSE_USB_OTG_FS -DHSE_VALUE=8000000 -DSTM32F4XX -I"/home/kvv/workspace/k-car/test/inc" -I"/home/kvv/workspace/k-car/test/inc/CMSIS" -I"/home/kvv/workspace/k-car/test/inc/STM32_USB_Device_Library/Class/cdc/inc" -I"/home/kvv/workspace/k-car/test/inc/STM32_USB_Device_Library/Core/inc" -I"/home/kvv/workspace/k-car/test/inc/STM32_USB_OTG_Driver/inc" -I"/home/kvv/workspace/k-car/test/inc/STM32F4xx" -I"/home/kvv/workspace/k-car/test/inc/STM32F4xx_StdPeriph_Driver/inc" -O0 -ffunction-sections -fdata-sections -Wall -std=c99 -Wa,-adhlns="inc/STM32F4xx_StdPeriph_Driver/src/stm32f4xx_exti.o.lst" -c -fmessage-length=0 -MMD -MP -MF"inc/STM32F4xx_StdPeriph_Driver/src/stm32f4xx_exti.d" -MT"inc/STM32F4xx_StdPeriph_Driver/src/stm32f4xx_exti.d" -mcpu=cortex-m4 -mthumb -g3 -gdwarf-2 -o "inc/STM32F4xx_StdPeriph_Driver/src/stm32f4xx_exti.o" "../inc/STM32F4xx_StdPeriph_Driver/src/stm32f4xx_exti.c"
Finished building: ../inc/STM32F4xx_StdPeriph_Driver/src/stm32f4xx_exti.c
 
Building file: ../inc/STM32F4xx_StdPeriph_Driver/src/stm32f4xx_flash.c
Invoking: ARM Sourcery Linux GCC C Compiler
arm-none-eabi-gcc -DUSE_STDPERIPH_DRIVER -DUSE_STM32F4_DISCOVERY -DUSE_USB_OTG_FS -DHSE_VALUE=8000000 -DSTM32F4XX -I"/home/kvv/workspace/k-car/test/inc" -I"/home/kvv/workspace/k-car/test/inc/CMSIS" -I"/home/kvv/workspace/k-car/test/inc/STM32_USB_Device_Library/Class/cdc/inc" -I"/home/kvv/workspace/k-car/test/inc/STM32_USB_Device_Library/Core/inc" -I"/home/kvv/workspace/k-car/test/inc/STM32_USB_OTG_Driver/inc" -I"/home/kvv/workspace/k-car/test/inc/STM32F4xx" -I"/home/kvv/workspace/k-car/test/inc/STM32F4xx_StdPeriph_Driver/inc" -O0 -ffunction-sections -fdata-sections -Wall -std=c99 -Wa,-adhlns="inc/STM32F4xx_StdPeriph_Driver/src/stm32f4xx_flash.o.lst" -c -fmessage-length=0 -MMD -MP -MF"inc/STM32F4xx_StdPeriph_Driver/src/stm32f4xx_flash.d" -MT"inc/STM32F4xx_StdPeriph_Driver/src/stm32f4xx_flash.d" -mcpu=cortex-m4 -mthumb -g3 -gdwarf-2 -o "inc/STM32F4xx_StdPeriph_Driver/src/stm32f4xx_flash.o" "../inc/STM32F4xx_StdPeriph_Driver/src/stm32f4xx_flash.c"
Finished building: ../inc/STM32F4xx_StdPeriph_Driver/src/stm32f4xx_flash.c
 
Building file: ../inc/STM32F4xx_StdPeriph_Driver/src/stm32f4xx_fsmc.c
Invoking: ARM Sourcery Linux GCC C Compiler
arm-none-eabi-gcc -DUSE_STDPERIPH_DRIVER -DUSE_STM32F4_DISCOVERY -DUSE_USB_OTG_FS -DHSE_VALUE=8000000 -DSTM32F4XX -I"/home/kvv/workspace/k-car/test/inc" -I"/home/kvv/workspace/k-car/test/inc/CMSIS" -I"/home/kvv/workspace/k-car/test/inc/STM32_USB_Device_Library/Class/cdc/inc" -I"/home/kvv/workspace/k-car/test/inc/STM32_USB_Device_Library/Core/inc" -I"/home/kvv/workspace/k-car/test/inc/STM32_USB_OTG_Driver/inc" -I"/home/kvv/workspace/k-car/test/inc/STM32F4xx" -I"/home/kvv/workspace/k-car/test/inc/STM32F4xx_StdPeriph_Driver/inc" -O0 -ffunction-sections -fdata-sections -Wall -std=c99 -Wa,-adhlns="inc/STM32F4xx_StdPeriph_Driver/src/stm32f4xx_fsmc.o.lst" -c -fmessage-length=0 -MMD -MP -MF"inc/STM32F4xx_StdPeriph_Driver/src/stm32f4xx_fsmc.d" -MT"inc/STM32F4xx_StdPeriph_Driver/src/stm32f4xx_fsmc.d" -mcpu=cortex-m4 -mthumb -g3 -gdwarf-2 -o "inc/STM32F4xx_StdPeriph_Driver/src/stm32f4xx_fsmc.o" "../inc/STM32F4xx_StdPeriph_Driver/src/stm32f4xx_fsmc.c"
Finished building: ../inc/STM32F4xx_StdPeriph_Driver/src/stm32f4xx_fsmc.c
 
Building file: ../inc/STM32F4xx_StdPeriph_Driver/src/stm32f4xx_gpio.c
Invoking: ARM Sourcery Linux GCC C Compiler
arm-none-eabi-gcc -DUSE_STDPERIPH_DRIVER -DUSE_STM32F4_DISCOVERY -DUSE_USB_OTG_FS -DHSE_VALUE=8000000 -DSTM32F4XX -I"/home/kvv/workspace/k-car/test/inc" -I"/home/kvv/workspace/k-car/test/inc/CMSIS" -I"/home/kvv/workspace/k-car/test/inc/STM32_USB_Device_Library/Class/cdc/inc" -I"/home/kvv/workspace/k-car/test/inc/STM32_USB_Device_Library/Core/inc" -I"/home/kvv/workspace/k-car/test/inc/STM32_USB_OTG_Driver/inc" -I"/home/kvv/workspace/k-car/test/inc/STM32F4xx" -I"/home/kvv/workspace/k-car/test/inc/STM32F4xx_StdPeriph_Driver/inc" -O0 -ffunction-sections -fdata-sections -Wall -std=c99 -Wa,-adhlns="inc/STM32F4xx_StdPeriph_Driver/src/stm32f4xx_gpio.o.lst" -c -fmessage-length=0 -MMD -MP -MF"inc/STM32F4xx_StdPeriph_Driver/src/stm32f4xx_gpio.d" -MT"inc/STM32F4xx_StdPeriph_Driver/src/stm32f4xx_gpio.d" -mcpu=cortex-m4 -mthumb -g3 -gdwarf-2 -o "inc/STM32F4xx_StdPeriph_Driver/src/stm32f4xx_gpio.o" "../inc/STM32F4xx_StdPeriph_Driver/src/stm32f4xx_gpio.c"
Finished building: ../inc/STM32F4xx_StdPeriph_Driver/src/stm32f4xx_gpio.c
 
Building file: ../inc/STM32F4xx_StdPeriph_Driver/src/stm32f4xx_hash.c
Invoking: ARM Sourcery Linux GCC C Compiler
arm-none-eabi-gcc -DUSE_STDPERIPH_DRIVER -DUSE_STM32F4_DISCOVERY -DUSE_USB_OTG_FS -DHSE_VALUE=8000000 -DSTM32F4XX -I"/home/kvv/workspace/k-car/test/inc" -I"/home/kvv/workspace/k-car/test/inc/CMSIS" -I"/home/kvv/workspace/k-car/test/inc/STM32_USB_Device_Library/Class/cdc/inc" -I"/home/kvv/workspace/k-car/test/inc/STM32_USB_Device_Library/Core/inc" -I"/home/kvv/workspace/k-car/test/inc/STM32_USB_OTG_Driver/inc" -I"/home/kvv/workspace/k-car/test/inc/STM32F4xx" -I"/home/kvv/workspace/k-car/test/inc/STM32F4xx_StdPeriph_Driver/inc" -O0 -ffunction-sections -fdata-sections -Wall -std=c99 -Wa,-adhlns="inc/STM32F4xx_StdPeriph_Driver/src/stm32f4xx_hash.o.lst" -c -fmessage-length=0 -MMD -MP -MF"inc/STM32F4xx_StdPeriph_Driver/src/stm32f4xx_hash.d" -MT"inc/STM32F4xx_StdPeriph_Driver/src/stm32f4xx_hash.d" -mcpu=cortex-m4 -mthumb -g3 -gdwarf-2 -o "inc/STM32F4xx_StdPeriph_Driver/src/stm32f4xx_hash.o" "../inc/STM32F4xx_StdPeriph_Driver/src/stm32f4xx_hash.c"
Finished building: ../inc/STM32F4xx_StdPeriph_Driver/src/stm32f4xx_hash.c
 
Building file: ../inc/STM32F4xx_StdPeriph_Driver/src/stm32f4xx_hash_md5.c
Invoking: ARM Sourcery Linux GCC C Compiler
arm-none-eabi-gcc -DUSE_STDPERIPH_DRIVER -DUSE_STM32F4_DISCOVERY -DUSE_USB_OTG_FS -DHSE_VALUE=8000000 -DSTM32F4XX -I"/home/kvv/workspace/k-car/test/inc" -I"/home/kvv/workspace/k-car/test/inc/CMSIS" -I"/home/kvv/workspace/k-car/test/inc/STM32_USB_Device_Library/Class/cdc/inc" -I"/home/kvv/workspace/k-car/test/inc/STM32_USB_Device_Library/Core/inc" -I"/home/kvv/workspace/k-car/test/inc/STM32_USB_OTG_Driver/inc" -I"/home/kvv/workspace/k-car/test/inc/STM32F4xx" -I"/home/kvv/workspace/k-car/test/inc/STM32F4xx_StdPeriph_Driver/inc" -O0 -ffunction-sections -fdata-sections -Wall -std=c99 -Wa,-adhlns="inc/STM32F4xx_StdPeriph_Driver/src/stm32f4xx_hash_md5.o.lst" -c -fmessage-length=0 -MMD -MP -MF"inc/STM32F4xx_StdPeriph_Driver/src/stm32f4xx_hash_md5.d" -MT"inc/STM32F4xx_StdPeriph_Driver/src/stm32f4xx_hash_md5.d" -mcpu=cortex-m4 -mthumb -g3 -gdwarf-2 -o "inc/STM32F4xx_StdPeriph_Driver/src/stm32f4xx_hash_md5.o" "../inc/STM32F4xx_StdPeriph_Driver/src/stm32f4xx_hash_md5.c"
Finished building: ../inc/STM32F4xx_StdPeriph_Driver/src/stm32f4xx_hash_md5.c
 
Building file: ../inc/STM32F4xx_StdPeriph_Driver/src/stm32f4xx_hash_sha1.c
Invoking: ARM Sourcery Linux GCC C Compiler
arm-none-eabi-gcc -DUSE_STDPERIPH_DRIVER -DUSE_STM32F4_DISCOVERY -DUSE_USB_OTG_FS -DHSE_VALUE=8000000 -DSTM32F4XX -I"/home/kvv/workspace/k-car/test/inc" -I"/home/kvv/workspace/k-car/test/inc/CMSIS" -I"/home/kvv/workspace/k-car/test/inc/STM32_USB_Device_Library/Class/cdc/inc" -I"/home/kvv/workspace/k-car/test/inc/STM32_USB_Device_Library/Core/inc" -I"/home/kvv/workspace/k-car/test/inc/STM32_USB_OTG_Driver/inc" -I"/home/kvv/workspace/k-car/test/inc/STM32F4xx" -I"/home/kvv/workspace/k-car/test/inc/STM32F4xx_StdPeriph_Driver/inc" -O0 -ffunction-sections -fdata-sections -Wall -std=c99 -Wa,-adhlns="inc/STM32F4xx_StdPeriph_Driver/src/stm32f4xx_hash_sha1.o.lst" -c -fmessage-length=0 -MMD -MP -MF"inc/STM32F4xx_StdPeriph_Driver/src/stm32f4xx_hash_sha1.d" -MT"inc/STM32F4xx_StdPeriph_Driver/src/stm32f4xx_hash_sha1.d" -mcpu=cortex-m4 -mthumb -g3 -gdwarf-2 -o "inc/STM32F4xx_StdPeriph_Driver/src/stm32f4xx_hash_sha1.o" "../inc/STM32F4xx_StdPeriph_Driver/src/stm32f4xx_hash_sha1.c"
Finished building: ../inc/STM32F4xx_StdPeriph_Driver/src/stm32f4xx_hash_sha1.c
 
Building file: ../inc/STM32F4xx_StdPeriph_Driver/src/stm32f4xx_i2c.c
Invoking: ARM Sourcery Linux GCC C Compiler
arm-none-eabi-gcc -DUSE_STDPERIPH_DRIVER -DUSE_STM32F4_DISCOVERY -DUSE_USB_OTG_FS -DHSE_VALUE=8000000 -DSTM32F4XX -I"/home/kvv/workspace/k-car/test/inc" -I"/home/kvv/workspace/k-car/test/inc/CMSIS" -I"/home/kvv/workspace/k-car/test/inc/STM32_USB_Device_Library/Class/cdc/inc" -I"/home/kvv/workspace/k-car/test/inc/STM32_USB_Device_Library/Core/inc" -I"/home/kvv/workspace/k-car/test/inc/STM32_USB_OTG_Driver/inc" -I"/home/kvv/workspace/k-car/test/inc/STM32F4xx" -I"/home/kvv/workspace/k-car/test/inc/STM32F4xx_StdPeriph_Driver/inc" -O0 -ffunction-sections -fdata-sections -Wall -std=c99 -Wa,-adhlns="inc/STM32F4xx_StdPeriph_Driver/src/stm32f4xx_i2c.o.lst" -c -fmessage-length=0 -MMD -MP -MF"inc/STM32F4xx_StdPeriph_Driver/src/stm32f4xx_i2c.d" -MT"inc/STM32F4xx_StdPeriph_Driver/src/stm32f4xx_i2c.d" -mcpu=cortex-m4 -mthumb -g3 -gdwarf-2 -o "inc/STM32F4xx_StdPeriph_Driver/src/stm32f4xx_i2c.o" "../inc/STM32F4xx_StdPeriph_Driver/src/stm32f4xx_i2c.c"
Finished building: ../inc/STM32F4xx_StdPeriph_Driver/src/stm32f4xx_i2c.c
 
Building file: ../inc/STM32F4xx_StdPeriph_Driver/src/stm32f4xx_iwdg.c
Invoking: ARM Sourcery Linux GCC C Compiler
arm-none-eabi-gcc -DUSE_STDPERIPH_DRIVER -DUSE_STM32F4_DISCOVERY -DUSE_USB_OTG_FS -DHSE_VALUE=8000000 -DSTM32F4XX -I"/home/kvv/workspace/k-car/test/inc" -I"/home/kvv/workspace/k-car/test/inc/CMSIS" -I"/home/kvv/workspace/k-car/test/inc/STM32_USB_Device_Library/Class/cdc/inc" -I"/home/kvv/workspace/k-car/test/inc/STM32_USB_Device_Library/Core/inc" -I"/home/kvv/workspace/k-car/test/inc/STM32_USB_OTG_Driver/inc" -I"/home/kvv/workspace/k-car/test/inc/STM32F4xx" -I"/home/kvv/workspace/k-car/test/inc/STM32F4xx_StdPeriph_Driver/inc" -O0 -ffunction-sections -fdata-sections -Wall -std=c99 -Wa,-adhlns="inc/STM32F4xx_StdPeriph_Driver/src/stm32f4xx_iwdg.o.lst" -c -fmessage-length=0 -MMD -MP -MF"inc/STM32F4xx_StdPeriph_Driver/src/stm32f4xx_iwdg.d" -MT"inc/STM32F4xx_StdPeriph_Driver/src/stm32f4xx_iwdg.d" -mcpu=cortex-m4 -mthumb -g3 -gdwarf-2 -o "inc/STM32F4xx_StdPeriph_Driver/src/stm32f4xx_iwdg.o" "../inc/STM32F4xx_StdPeriph_Driver/src/stm32f4xx_iwdg.c"
Finished building: ../inc/STM32F4xx_StdPeriph_Driver/src/stm32f4xx_iwdg.c
 
Building file: ../inc/STM32F4xx_StdPeriph_Driver/src/stm32f4xx_pwr.c
Invoking: ARM Sourcery Linux GCC C Compiler
arm-none-eabi-gcc -DUSE_STDPERIPH_DRIVER -DUSE_STM32F4_DISCOVERY -DUSE_USB_OTG_FS -DHSE_VALUE=8000000 -DSTM32F4XX -I"/home/kvv/workspace/k-car/test/inc" -I"/home/kvv/workspace/k-car/test/inc/CMSIS" -I"/home/kvv/workspace/k-car/test/inc/STM32_USB_Device_Library/Class/cdc/inc" -I"/home/kvv/workspace/k-car/test/inc/STM32_USB_Device_Library/Core/inc" -I"/home/kvv/workspace/k-car/test/inc/STM32_USB_OTG_Driver/inc" -I"/home/kvv/workspace/k-car/test/inc/STM32F4xx" -I"/home/kvv/workspace/k-car/test/inc/STM32F4xx_StdPeriph_Driver/inc" -O0 -ffunction-sections -fdata-sections -Wall -std=c99 -Wa,-adhlns="inc/STM32F4xx_StdPeriph_Driver/src/stm32f4xx_pwr.o.lst" -c -fmessage-length=0 -MMD -MP -MF"inc/STM32F4xx_StdPeriph_Driver/src/stm32f4xx_pwr.d" -MT"inc/STM32F4xx_StdPeriph_Driver/src/stm32f4xx_pwr.d" -mcpu=cortex-m4 -mthumb -g3 -gdwarf-2 -o "inc/STM32F4xx_StdPeriph_Driver/src/stm32f4xx_pwr.o" "../inc/STM32F4xx_StdPeriph_Driver/src/stm32f4xx_pwr.c"
Finished building: ../inc/STM32F4xx_StdPeriph_Driver/src/stm32f4xx_pwr.c
 
Building file: ../inc/STM32F4xx_StdPeriph_Driver/src/stm32f4xx_rcc.c
Invoking: ARM Sourcery Linux GCC C Compiler
arm-none-eabi-gcc -DUSE_STDPERIPH_DRIVER -DUSE_STM32F4_DISCOVERY -DUSE_USB_OTG_FS -DHSE_VALUE=8000000 -DSTM32F4XX -I"/home/kvv/workspace/k-car/test/inc" -I"/home/kvv/workspace/k-car/test/inc/CMSIS" -I"/home/kvv/workspace/k-car/test/inc/STM32_USB_Device_Library/Class/cdc/inc" -I"/home/kvv/workspace/k-car/test/inc/STM32_USB_Device_Library/Core/inc" -I"/home/kvv/workspace/k-car/test/inc/STM32_USB_OTG_Driver/inc" -I"/home/kvv/workspace/k-car/test/inc/STM32F4xx" -I"/home/kvv/workspace/k-car/test/inc/STM32F4xx_StdPeriph_Driver/inc" -O0 -ffunction-sections -fdata-sections -Wall -std=c99 -Wa,-adhlns="inc/STM32F4xx_StdPeriph_Driver/src/stm32f4xx_rcc.o.lst" -c -fmessage-length=0 -MMD -MP -MF"inc/STM32F4xx_StdPeriph_Driver/src/stm32f4xx_rcc.d" -MT"inc/STM32F4xx_StdPeriph_Driver/src/stm32f4xx_rcc.d" -mcpu=cortex-m4 -mthumb -g3 -gdwarf-2 -o "inc/STM32F4xx_StdPeriph_Driver/src/stm32f4xx_rcc.o" "../inc/STM32F4xx_StdPeriph_Driver/src/stm32f4xx_rcc.c"
Finished building: ../inc/STM32F4xx_StdPeriph_Driver/src/stm32f4xx_rcc.c
 
Building file: ../inc/STM32F4xx_StdPeriph_Driver/src/stm32f4xx_rng.c
Invoking: ARM Sourcery Linux GCC C Compiler
arm-none-eabi-gcc -DUSE_STDPERIPH_DRIVER -DUSE_STM32F4_DISCOVERY -DUSE_USB_OTG_FS -DHSE_VALUE=8000000 -DSTM32F4XX -I"/home/kvv/workspace/k-car/test/inc" -I"/home/kvv/workspace/k-car/test/inc/CMSIS" -I"/home/kvv/workspace/k-car/test/inc/STM32_USB_Device_Library/Class/cdc/inc" -I"/home/kvv/workspace/k-car/test/inc/STM32_USB_Device_Library/Core/inc" -I"/home/kvv/workspace/k-car/test/inc/STM32_USB_OTG_Driver/inc" -I"/home/kvv/workspace/k-car/test/inc/STM32F4xx" -I"/home/kvv/workspace/k-car/test/inc/STM32F4xx_StdPeriph_Driver/inc" -O0 -ffunction-sections -fdata-sections -Wall -std=c99 -Wa,-adhlns="inc/STM32F4xx_StdPeriph_Driver/src/stm32f4xx_rng.o.lst" -c -fmessage-length=0 -MMD -MP -MF"inc/STM32F4xx_StdPeriph_Driver/src/stm32f4xx_rng.d" -MT"inc/STM32F4xx_StdPeriph_Driver/src/stm32f4xx_rng.d" -mcpu=cortex-m4 -mthumb -g3 -gdwarf-2 -o "inc/STM32F4xx_StdPeriph_Driver/src/stm32f4xx_rng.o" "../inc/STM32F4xx_StdPeriph_Driver/src/stm32f4xx_rng.c"
Finished building: ../inc/STM32F4xx_StdPeriph_Driver/src/stm32f4xx_rng.c
 
Building file: ../inc/STM32F4xx_StdPeriph_Driver/src/stm32f4xx_rtc.c
Invoking: ARM Sourcery Linux GCC C Compiler
arm-none-eabi-gcc -DUSE_STDPERIPH_DRIVER -DUSE_STM32F4_DISCOVERY -DUSE_USB_OTG_FS -DHSE_VALUE=8000000 -DSTM32F4XX -I"/home/kvv/workspace/k-car/test/inc" -I"/home/kvv/workspace/k-car/test/inc/CMSIS" -I"/home/kvv/workspace/k-car/test/inc/STM32_USB_Device_Library/Class/cdc/inc" -I"/home/kvv/workspace/k-car/test/inc/STM32_USB_Device_Library/Core/inc" -I"/home/kvv/workspace/k-car/test/inc/STM32_USB_OTG_Driver/inc" -I"/home/kvv/workspace/k-car/test/inc/STM32F4xx" -I"/home/kvv/workspace/k-car/test/inc/STM32F4xx_StdPeriph_Driver/inc" -O0 -ffunction-sections -fdata-sections -Wall -std=c99 -Wa,-adhlns="inc/STM32F4xx_StdPeriph_Driver/src/stm32f4xx_rtc.o.lst" -c -fmessage-length=0 -MMD -MP -MF"inc/STM32F4xx_StdPeriph_Driver/src/stm32f4xx_rtc.d" -MT"inc/STM32F4xx_StdPeriph_Driver/src/stm32f4xx_rtc.d" -mcpu=cortex-m4 -mthumb -g3 -gdwarf-2 -o "inc/STM32F4xx_StdPeriph_Driver/src/stm32f4xx_rtc.o" "../inc/STM32F4xx_StdPeriph_Driver/src/stm32f4xx_rtc.c"
Finished building: ../inc/STM32F4xx_StdPeriph_Driver/src/stm32f4xx_rtc.c
 
Building file: ../inc/STM32F4xx_StdPeriph_Driver/src/stm32f4xx_sdio.c
Invoking: ARM Sourcery Linux GCC C Compiler
arm-none-eabi-gcc -DUSE_STDPERIPH_DRIVER -DUSE_STM32F4_DISCOVERY -DUSE_USB_OTG_FS -DHSE_VALUE=8000000 -DSTM32F4XX -I"/home/kvv/workspace/k-car/test/inc" -I"/home/kvv/workspace/k-car/test/inc/CMSIS" -I"/home/kvv/workspace/k-car/test/inc/STM32_USB_Device_Library/Class/cdc/inc" -I"/home/kvv/workspace/k-car/test/inc/STM32_USB_Device_Library/Core/inc" -I"/home/kvv/workspace/k-car/test/inc/STM32_USB_OTG_Driver/inc" -I"/home/kvv/workspace/k-car/test/inc/STM32F4xx" -I"/home/kvv/workspace/k-car/test/inc/STM32F4xx_StdPeriph_Driver/inc" -O0 -ffunction-sections -fdata-sections -Wall -std=c99 -Wa,-adhlns="inc/STM32F4xx_StdPeriph_Driver/src/stm32f4xx_sdio.o.lst" -c -fmessage-length=0 -MMD -MP -MF"inc/STM32F4xx_StdPeriph_Driver/src/stm32f4xx_sdio.d" -MT"inc/STM32F4xx_StdPeriph_Driver/src/stm32f4xx_sdio.d" -mcpu=cortex-m4 -mthumb -g3 -gdwarf-2 -o "inc/STM32F4xx_StdPeriph_Driver/src/stm32f4xx_sdio.o" "../inc/STM32F4xx_StdPeriph_Driver/src/stm32f4xx_sdio.c"
Finished building: ../inc/STM32F4xx_StdPeriph_Driver/src/stm32f4xx_sdio.c
 
Building file: ../inc/STM32F4xx_StdPeriph_Driver/src/stm32f4xx_spi.c
Invoking: ARM Sourcery Linux GCC C Compiler
arm-none-eabi-gcc -DUSE_STDPERIPH_DRIVER -DUSE_STM32F4_DISCOVERY -DUSE_USB_OTG_FS -DHSE_VALUE=8000000 -DSTM32F4XX -I"/home/kvv/workspace/k-car/test/inc" -I"/home/kvv/workspace/k-car/test/inc/CMSIS" -I"/home/kvv/workspace/k-car/test/inc/STM32_USB_Device_Library/Class/cdc/inc" -I"/home/kvv/workspace/k-car/test/inc/STM32_USB_Device_Library/Core/inc" -I"/home/kvv/workspace/k-car/test/inc/STM32_USB_OTG_Driver/inc" -I"/home/kvv/workspace/k-car/test/inc/STM32F4xx" -I"/home/kvv/workspace/k-car/test/inc/STM32F4xx_StdPeriph_Driver/inc" -O0 -ffunction-sections -fdata-sections -Wall -std=c99 -Wa,-adhlns="inc/STM32F4xx_StdPeriph_Driver/src/stm32f4xx_spi.o.lst" -c -fmessage-length=0 -MMD -MP -MF"inc/STM32F4xx_StdPeriph_Driver/src/stm32f4xx_spi.d" -MT"inc/STM32F4xx_StdPeriph_Driver/src/stm32f4xx_spi.d" -mcpu=cortex-m4 -mthumb -g3 -gdwarf-2 -o "inc/STM32F4xx_StdPeriph_Driver/src/stm32f4xx_spi.o" "../inc/STM32F4xx_StdPeriph_Driver/src/stm32f4xx_spi.c"
Finished building: ../inc/STM32F4xx_StdPeriph_Driver/src/stm32f4xx_spi.c
 
Building file: ../inc/STM32F4xx_StdPeriph_Driver/src/stm32f4xx_syscfg.c
Invoking: ARM Sourcery Linux GCC C Compiler
arm-none-eabi-gcc -DUSE_STDPERIPH_DRIVER -DUSE_STM32F4_DISCOVERY -DUSE_USB_OTG_FS -DHSE_VALUE=8000000 -DSTM32F4XX -I"/home/kvv/workspace/k-car/test/inc" -I"/home/kvv/workspace/k-car/test/inc/CMSIS" -I"/home/kvv/workspace/k-car/test/inc/STM32_USB_Device_Library/Class/cdc/inc" -I"/home/kvv/workspace/k-car/test/inc/STM32_USB_Device_Library/Core/inc" -I"/home/kvv/workspace/k-car/test/inc/STM32_USB_OTG_Driver/inc" -I"/home/kvv/workspace/k-car/test/inc/STM32F4xx" -I"/home/kvv/workspace/k-car/test/inc/STM32F4xx_StdPeriph_Driver/inc" -O0 -ffunction-sections -fdata-sections -Wall -std=c99 -Wa,-adhlns="inc/STM32F4xx_StdPeriph_Driver/src/stm32f4xx_syscfg.o.lst" -c -fmessage-length=0 -MMD -MP -MF"inc/STM32F4xx_StdPeriph_Driver/src/stm32f4xx_syscfg.d" -MT"inc/STM32F4xx_StdPeriph_Driver/src/stm32f4xx_syscfg.d" -mcpu=cortex-m4 -mthumb -g3 -gdwarf-2 -o "inc/STM32F4xx_StdPeriph_Driver/src/stm32f4xx_syscfg.o" "../inc/STM32F4xx_StdPeriph_Driver/src/stm32f4xx_syscfg.c"
Finished building: ../inc/STM32F4xx_StdPeriph_Driver/src/stm32f4xx_syscfg.c
 
Building file: ../inc/STM32F4xx_StdPeriph_Driver/src/stm32f4xx_tim.c
Invoking: ARM Sourcery Linux GCC C Compiler
arm-none-eabi-gcc -DUSE_STDPERIPH_DRIVER -DUSE_STM32F4_DISCOVERY -DUSE_USB_OTG_FS -DHSE_VALUE=8000000 -DSTM32F4XX -I"/home/kvv/workspace/k-car/test/inc" -I"/home/kvv/workspace/k-car/test/inc/CMSIS" -I"/home/kvv/workspace/k-car/test/inc/STM32_USB_Device_Library/Class/cdc/inc" -I"/home/kvv/workspace/k-car/test/inc/STM32_USB_Device_Library/Core/inc" -I"/home/kvv/workspace/k-car/test/inc/STM32_USB_OTG_Driver/inc" -I"/home/kvv/workspace/k-car/test/inc/STM32F4xx" -I"/home/kvv/workspace/k-car/test/inc/STM32F4xx_StdPeriph_Driver/inc" -O0 -ffunction-sections -fdata-sections -Wall -std=c99 -Wa,-adhlns="inc/STM32F4xx_StdPeriph_Driver/src/stm32f4xx_tim.o.lst" -c -fmessage-length=0 -MMD -MP -MF"inc/STM32F4xx_StdPeriph_Driver/src/stm32f4xx_tim.d" -MT"inc/STM32F4xx_StdPeriph_Driver/src/stm32f4xx_tim.d" -mcpu=cortex-m4 -mthumb -g3 -gdwarf-2 -o "inc/STM32F4xx_StdPeriph_Driver/src/stm32f4xx_tim.o" "../inc/STM32F4xx_StdPeriph_Driver/src/stm32f4xx_tim.c"
Finished building: ../inc/STM32F4xx_StdPeriph_Driver/src/stm32f4xx_tim.c
 
Building file: ../inc/STM32F4xx_StdPeriph_Driver/src/stm32f4xx_usart.c
Invoking: ARM Sourcery Linux GCC C Compiler
arm-none-eabi-gcc -DUSE_STDPERIPH_DRIVER -DUSE_STM32F4_DISCOVERY -DUSE_USB_OTG_FS -DHSE_VALUE=8000000 -DSTM32F4XX -I"/home/kvv/workspace/k-car/test/inc" -I"/home/kvv/workspace/k-car/test/inc/CMSIS" -I"/home/kvv/workspace/k-car/test/inc/STM32_USB_Device_Library/Class/cdc/inc" -I"/home/kvv/workspace/k-car/test/inc/STM32_USB_Device_Library/Core/inc" -I"/home/kvv/workspace/k-car/test/inc/STM32_USB_OTG_Driver/inc" -I"/home/kvv/workspace/k-car/test/inc/STM32F4xx" -I"/home/kvv/workspace/k-car/test/inc/STM32F4xx_StdPeriph_Driver/inc" -O0 -ffunction-sections -fdata-sections -Wall -std=c99 -Wa,-adhlns="inc/STM32F4xx_StdPeriph_Driver/src/stm32f4xx_usart.o.lst" -c -fmessage-length=0 -MMD -MP -MF"inc/STM32F4xx_StdPeriph_Driver/src/stm32f4xx_usart.d" -MT"inc/STM32F4xx_StdPeriph_Driver/src/stm32f4xx_usart.d" -mcpu=cortex-m4 -mthumb -g3 -gdwarf-2 -o "inc/STM32F4xx_StdPeriph_Driver/src/stm32f4xx_usart.o" "../inc/STM32F4xx_StdPeriph_Driver/src/stm32f4xx_usart.c"
Finished building: ../inc/STM32F4xx_StdPeriph_Driver/src/stm32f4xx_usart.c
 
Building file: ../inc/STM32F4xx_StdPeriph_Driver/src/stm32f4xx_wwdg.c
Invoking: ARM Sourcery Linux GCC C Compiler
arm-none-eabi-gcc -DUSE_STDPERIPH_DRIVER -DUSE_STM32F4_DISCOVERY -DUSE_USB_OTG_FS -DHSE_VALUE=8000000 -DSTM32F4XX -I"/home/kvv/workspace/k-car/test/inc" -I"/home/kvv/workspace/k-car/test/inc/CMSIS" -I"/home/kvv/workspace/k-car/test/inc/STM32_USB_Device_Library/Class/cdc/inc" -I"/home/kvv/workspace/k-car/test/inc/STM32_USB_Device_Library/Core/inc" -I"/home/kvv/workspace/k-car/test/inc/STM32_USB_OTG_Driver/inc" -I"/home/kvv/workspace/k-car/test/inc/STM32F4xx" -I"/home/kvv/workspace/k-car/test/inc/STM32F4xx_StdPeriph_Driver/inc" -O0 -ffunction-sections -fdata-sections -Wall -std=c99 -Wa,-adhlns="inc/STM32F4xx_StdPeriph_Driver/src/stm32f4xx_wwdg.o.lst" -c -fmessage-length=0 -MMD -MP -MF"inc/STM32F4xx_StdPeriph_Driver/src/stm32f4xx_wwdg.d" -MT"inc/STM32F4xx_StdPeriph_Driver/src/stm32f4xx_wwdg.d" -mcpu=cortex-m4 -mthumb -g3 -gdwarf-2 -o "inc/STM32F4xx_StdPeriph_Driver/src/stm32f4xx_wwdg.o" "../inc/STM32F4xx_StdPeriph_Driver/src/stm32f4xx_wwdg.c"
Finished building: ../inc/STM32F4xx_StdPeriph_Driver/src/stm32f4xx_wwdg.c
 
Building file: ../startup_stm32f4xx.S
Invoking: ARM Sourcery Linux GCC Assembler
arm-none-eabi-gcc -x assembler-with-cpp -Wall -Wa,-adhlns="startup_stm32f4xx.o.lst" -c -fmessage-length=0 -MMD -MP -MF"startup_stm32f4xx.d" -MT"startup_stm32f4xx.d" -mcpu=cortex-m4 -mthumb -g3 -gdwarf-2 -o "startup_stm32f4xx.o" "../startup_stm32f4xx.S"
Finished building: ../startup_stm32f4xx.S
 
Building target: test.elf
Invoking: ARM Sourcery Linux GCC C Linker
arm-none-eabi-gcc -T"/home/kvv/workspace/k-car/test/stm32_flash.ld" -nostartfiles -nodefaultlibs -Xlinker --gc-sections -Wl,-Map,test.map -mcpu=cortex-m4 -mthumb -g3 -gdwarf-2 -o "test.elf"  ./src/lis302dl.o ./src/main.o ./src/periph_init.o ./src/protocol.o ./src/stm32f4_discovery.o ./src/stm32f4xx_it.o ./src/system_stm32f4xx.o ./src/usb_bsp.o ./src/usbd_cdc_vcp.o ./src/usbd_desc.o ./src/usbd_usr.o  ./inc/STM32_USB_OTG_Driver/src/usb_core.o ./inc/STM32_USB_OTG_Driver/src/usb_dcd.o ./inc/STM32_USB_OTG_Driver/src/usb_dcd_int.o  ./inc/STM32_USB_Device_Library/Core/src/usbd_core.o ./inc/STM32_USB_Device_Library/Core/src/usbd_ioreq.o ./inc/STM32_USB_Device_Library/Core/src/usbd_req.o  ./inc/STM32_USB_Device_Library/Class/cdc/src/usbd_cdc_core.o  ./inc/STM32F4xx_StdPeriph_Driver/src/misc.o ./inc/STM32F4xx_StdPeriph_Driver/src/stm32f4xx_adc.o ./inc/STM32F4xx_StdPeriph_Driver/src/stm32f4xx_can.o ./inc/STM32F4xx_StdPeriph_Driver/src/stm32f4xx_crc.o ./inc/STM32F4xx_StdPeriph_Driver/src/stm32f4xx_cryp.o ./inc/STM32F4xx_StdPeriph_Driver/src/stm32f4xx_cryp_aes.o ./inc/STM32F4xx_StdPeriph_Driver/src/stm32f4xx_cryp_des.o ./inc/STM32F4xx_StdPeriph_Driver/src/stm32f4xx_cryp_tdes.o ./inc/STM32F4xx_StdPeriph_Driver/src/stm32f4xx_dac.o ./inc/STM32F4xx_StdPeriph_Driver/src/stm32f4xx_dbgmcu.o ./inc/STM32F4xx_StdPeriph_Driver/src/stm32f4xx_dcmi.o ./inc/STM32F4xx_StdPeriph_Driver/src/stm32f4xx_dma.o ./inc/STM32F4xx_StdPeriph_Driver/src/stm32f4xx_exti.o ./inc/STM32F4xx_StdPeriph_Driver/src/stm32f4xx_flash.o ./inc/STM32F4xx_StdPeriph_Driver/src/stm32f4xx_fsmc.o ./inc/STM32F4xx_StdPeriph_Driver/src/stm32f4xx_gpio.o ./inc/STM32F4xx_StdPeriph_Driver/src/stm32f4xx_hash.o ./inc/STM32F4xx_StdPeriph_Driver/src/stm32f4xx_hash_md5.o ./inc/STM32F4xx_StdPeriph_Driver/src/stm32f4xx_hash_sha1.o ./inc/STM32F4xx_StdPeriph_Driver/src/stm32f4xx_i2c.o ./inc/STM32F4xx_StdPeriph_Driver/src/stm32f4xx_iwdg.o ./inc/STM32F4xx_StdPeriph_Driver/src/stm32f4xx_pwr.o ./inc/STM32F4xx_StdPeriph_Driver/src/stm32f4xx_rcc.o ./inc/STM32F4xx_StdPeriph_Driver/src/stm32f4xx_rng.o ./inc/STM32F4xx_StdPeriph_Driver/src/stm32f4xx_rtc.o ./inc/STM32F4xx_StdPeriph_Driver/src/stm32f4xx_sdio.o ./inc/STM32F4xx_StdPeriph_Driver/src/stm32f4xx_spi.o ./inc/STM32F4xx_StdPeriph_Driver/src/stm32f4xx_syscfg.o ./inc/STM32F4xx_StdPeriph_Driver/src/stm32f4xx_tim.o ./inc/STM32F4xx_StdPeriph_Driver/src/stm32f4xx_usart.o ./inc/STM32F4xx_StdPeriph_Driver/src/stm32f4xx_wwdg.o  ./startup_stm32f4xx.o   
Finished building target: test.elf
 
Invoking: ARM Sourcery Linux GNU Create Flash Image
arm-none-eabi-objcopy -O ihex test.elf  "test.hex"
Finished building: test.hex
 
Invoking: ARM Sourcery Linux GNU Create Listing
arm-none-eabi-objdump -h -S test.elf > "test.lst"
Finished building: test.lst
 
Invoking: ARM Sourcery Linux GNU Print Size
arm-none-eabi-size  --format=berkeley test.elf
   text	   data	    bss	    dec	    hex	filename
  15056	     88	   6808	  21952	   55c0	test.elf
Finished building: test.siz
 
19:31:02 **** Incremental Build of configuration Debug for project test ****
make all 
Invoking: ARM Sourcery Linux GNU Print Size
arm-none-eabi-size  --format=berkeley test.elf
   text	   data	    bss	    dec	    hex	filename
  15056	     88	   6808	  21952	   55c0	test.elf
Finished building: test.siz
 
19:33:16 **** Incremental Build of configuration Debug for project test ****
make all 
Invoking: ARM Sourcery Linux GNU Print Size
arm-none-eabi-size  --format=berkeley test.elf
   text	   data	    bss	    dec	    hex	filename
  15056	     88	   6808	  21952	   55c0	test.elf
Finished building: test.siz
 
19:34:36 **** Incremental Build of configuration Debug for project test ****
make all 
Invoking: ARM Sourcery Linux GNU Print Size
arm-none-eabi-size  --format=berkeley test.elf
   text	   data	    bss	    dec	    hex	filename
  15056	     88	   6808	  21952	   55c0	test.elf
Finished building: test.siz
 
19:35:01 **** Incremental Build of configuration Debug for project autopilot ****
make all 
Invoking: ARM Sourcery Linux GNU Print Size
arm-none-eabi-size  --format=berkeley autopilot.elf
   text	   data	    bss	    dec	    hex	filename
  15056	     88	   6808	  21952	   55c0	autopilot.elf
Finished building: autopilot.siz
 
19:36:41 **** Incremental Build of configuration Debug for project autopilot ****
make all 
Invoking: ARM Sourcery Linux GNU Print Size
arm-none-eabi-size  --format=berkeley autopilot.elf
   text	   data	    bss	    dec	    hex	filename
  15056	     88	   6808	  21952	   55c0	autopilot.elf
Finished building: autopilot.siz
 
19:44:14 **** Incremental Build of configuration Debug for project autopilot ****
make all 
Invoking: ARM Sourcery Linux GNU Print Size
arm-none-eabi-size  --format=berkeley autopilot.elf
   text	   data	    bss	    dec	    hex	filename
  15056	     88	   6808	  21952	   55c0	autopilot.elf
Finished building: autopilot.siz
 
19:44:53 **** Incremental Build of configuration Debug for project autopilot ****
make all 
Invoking: ARM Sourcery Linux GNU Print Size
arm-none-eabi-size  --format=berkeley autopilot.elf
   text	   data	    bss	    dec	    hex	filename
  15056	     88	   6808	  21952	   55c0	autopilot.elf
Finished building: autopilot.siz
 
19:45:56 **** Incremental Build of configuration Debug for project autopilot ****
make all 
Invoking: ARM Sourcery Linux GNU Print Size
arm-none-eabi-size  --format=berkeley autopilot.elf
   text	   data	    bss	    dec	    hex	filename
  15056	     88	   6808	  21952	   55c0	autopilot.elf
Finished building: autopilot.siz
 
19:59:57 **** Incremental Build of configuration Debug for project autopilot ****
make all 
Invoking: ARM Sourcery Linux GNU Print Size
arm-none-eabi-size  --format=berkeley autopilot.elf
   text	   data	    bss	    dec	    hex	filename
  15056	     88	   6808	  21952	   55c0	autopilot.elf
Finished building: autopilot.siz
 
20:07:43 **** Incremental Build of configuration Debug for project autopilot ****
make all 
Building file: ../src/lis302dl.c
Invoking: ARM Sourcery Linux GCC C Compiler
arm-none-eabi-gcc -DUSE_STDPERIPH_DRIVER -DUSE_STM32F4_DISCOVERY -DUSE_USB_OTG_FS -DHSE_VALUE=8000000 -DSTM32F4XX -I"/home/kvv/workspace/k-car/autopilot/inc" -I"/home/kvv/workspace/k-car/autopilot/inc/CMSIS" -I"/home/kvv/workspace/k-car/autopilot/inc/STM32F4xx" -I"/home/kvv/workspace/k-car/autopilot/inc/STM32F4xx_StdPeriph_Driver/inc" -I"/home/kvv/workspace/k-car/autopilot/inc/STM32_USB_Device_Library/Class/cdc/inc" -I"/home/kvv/workspace/k-car/autopilot/inc/STM32_USB_Device_Library/Core/inc" -I"/home/kvv/workspace/k-car/autopilot/inc/STM32_USB_OTG_Driver/inc" -O0 -ffunction-sections -fdata-sections -Wall -std=c99 -Wa,-adhlns="src/lis302dl.o.lst" -c -fmessage-length=0 -MMD -MP -MF"src/lis302dl.d" -MT"src/lis302dl.d" -mcpu=cortex-m4 -mthumb -g3 -ggdb -o "src/lis302dl.o" "../src/lis302dl.c"
../src/main.c:20:13: warning: 'sendData' declared 'static' but never defined
../src/main.c:22:13: warning: 'getData' declared 'static' but never defined
Finished building: ../src/lis302dl.c
 
Building file: ../src/main.c
Invoking: ARM Sourcery Linux GCC C Compiler
arm-none-eabi-gcc -DUSE_STDPERIPH_DRIVER -DUSE_STM32F4_DISCOVERY -DUSE_USB_OTG_FS -DHSE_VALUE=8000000 -DSTM32F4XX -I"/home/kvv/workspace/k-car/autopilot/inc" -I"/home/kvv/workspace/k-car/autopilot/inc/CMSIS" -I"/home/kvv/workspace/k-car/autopilot/inc/STM32F4xx" -I"/home/kvv/workspace/k-car/autopilot/inc/STM32F4xx_StdPeriph_Driver/inc" -I"/home/kvv/workspace/k-car/autopilot/inc/STM32_USB_Device_Library/Class/cdc/inc" -I"/home/kvv/workspace/k-car/autopilot/inc/STM32_USB_Device_Library/Core/inc" -I"/home/kvv/workspace/k-car/autopilot/inc/STM32_USB_OTG_Driver/inc" -O0 -ffunction-sections -fdata-sections -Wall -std=c99 -Wa,-adhlns="src/main.o.lst" -c -fmessage-length=0 -MMD -MP -MF"src/main.d" -MT"src/main.d" -mcpu=cortex-m4 -mthumb -g3 -ggdb -o "src/main.o" "../src/main.c"
Finished building: ../src/main.c
 
Building file: ../src/periph_init.c
Invoking: ARM Sourcery Linux GCC C Compiler
arm-none-eabi-gcc -DUSE_STDPERIPH_DRIVER -DUSE_STM32F4_DISCOVERY -DUSE_USB_OTG_FS -DHSE_VALUE=8000000 -DSTM32F4XX -I"/home/kvv/workspace/k-car/autopilot/inc" -I"/home/kvv/workspace/k-car/autopilot/inc/CMSIS" -I"/home/kvv/workspace/k-car/autopilot/inc/STM32F4xx" -I"/home/kvv/workspace/k-car/autopilot/inc/STM32F4xx_StdPeriph_Driver/inc" -I"/home/kvv/workspace/k-car/autopilot/inc/STM32_USB_Device_Library/Class/cdc/inc" -I"/home/kvv/workspace/k-car/autopilot/inc/STM32_USB_Device_Library/Core/inc" -I"/home/kvv/workspace/k-car/autopilot/inc/STM32_USB_OTG_Driver/inc" -O0 -ffunction-sections -fdata-sections -Wall -std=c99 -Wa,-adhlns="src/periph_init.o.lst" -c -fmessage-length=0 -MMD -MP -MF"src/periph_init.d" -MT"src/periph_init.d" -mcpu=cortex-m4 -mthumb -g3 -ggdb -o "src/periph_init.o" "../src/periph_init.c"
Finished building: ../src/periph_init.c
 
Building file: ../src/protocol.c
Invoking: ARM Sourcery Linux GCC C Compiler
arm-none-eabi-gcc -DUSE_STDPERIPH_DRIVER -DUSE_STM32F4_DISCOVERY -DUSE_USB_OTG_FS -DHSE_VALUE=8000000 -DSTM32F4XX -I"/home/kvv/workspace/k-car/autopilot/inc" -I"/home/kvv/workspace/k-car/autopilot/inc/CMSIS" -I"/home/kvv/workspace/k-car/autopilot/inc/STM32F4xx" -I"/home/kvv/workspace/k-car/autopilot/inc/STM32F4xx_StdPeriph_Driver/inc" -I"/home/kvv/workspace/k-car/autopilot/inc/STM32_USB_Device_Library/Class/cdc/inc" -I"/home/kvv/workspace/k-car/autopilot/inc/STM32_USB_Device_Library/Core/inc" -I"/home/kvv/workspace/k-car/autopilot/inc/STM32_USB_OTG_Driver/inc" -O0 -ffunction-sections -fdata-sections -Wall -std=c99 -Wa,-adhlns="src/protocol.o.lst" -c -fmessage-length=0 -MMD -MP -MF"src/protocol.d" -MT"src/protocol.d" -mcpu=cortex-m4 -mthumb -g3 -ggdb -o "src/protocol.o" "../src/protocol.c"
Finished building: ../src/protocol.c
 
Building file: ../src/stm32f4_discovery.c
Invoking: ARM Sourcery Linux GCC C Compiler
arm-none-eabi-gcc -DUSE_STDPERIPH_DRIVER -DUSE_STM32F4_DISCOVERY -DUSE_USB_OTG_FS -DHSE_VALUE=8000000 -DSTM32F4XX -I"/home/kvv/workspace/k-car/autopilot/inc" -I"/home/kvv/workspace/k-car/autopilot/inc/CMSIS" -I"/home/kvv/workspace/k-car/autopilot/inc/STM32F4xx" -I"/home/kvv/workspace/k-car/autopilot/inc/STM32F4xx_StdPeriph_Driver/inc" -I"/home/kvv/workspace/k-car/autopilot/inc/STM32_USB_Device_Library/Class/cdc/inc" -I"/home/kvv/workspace/k-car/autopilot/inc/STM32_USB_Device_Library/Core/inc" -I"/home/kvv/workspace/k-car/autopilot/inc/STM32_USB_OTG_Driver/inc" -O0 -ffunction-sections -fdata-sections -Wall -std=c99 -Wa,-adhlns="src/stm32f4_discovery.o.lst" -c -fmessage-length=0 -MMD -MP -MF"src/stm32f4_discovery.d" -MT"src/stm32f4_discovery.d" -mcpu=cortex-m4 -mthumb -g3 -ggdb -o "src/stm32f4_discovery.o" "../src/stm32f4_discovery.c"
Finished building: ../src/stm32f4_discovery.c
 
Building file: ../src/stm32f4xx_it.c
Invoking: ARM Sourcery Linux GCC C Compiler
arm-none-eabi-gcc -DUSE_STDPERIPH_DRIVER -DUSE_STM32F4_DISCOVERY -DUSE_USB_OTG_FS -DHSE_VALUE=8000000 -DSTM32F4XX -I"/home/kvv/workspace/k-car/autopilot/inc" -I"/home/kvv/workspace/k-car/autopilot/inc/CMSIS" -I"/home/kvv/workspace/k-car/autopilot/inc/STM32F4xx" -I"/home/kvv/workspace/k-car/autopilot/inc/STM32F4xx_StdPeriph_Driver/inc" -I"/home/kvv/workspace/k-car/autopilot/inc/STM32_USB_Device_Library/Class/cdc/inc" -I"/home/kvv/workspace/k-car/autopilot/inc/STM32_USB_Device_Library/Core/inc" -I"/home/kvv/workspace/k-car/autopilot/inc/STM32_USB_OTG_Driver/inc" -O0 -ffunction-sections -fdata-sections -Wall -std=c99 -Wa,-adhlns="src/stm32f4xx_it.o.lst" -c -fmessage-length=0 -MMD -MP -MF"src/stm32f4xx_it.d" -MT"src/stm32f4xx_it.d" -mcpu=cortex-m4 -mthumb -g3 -ggdb -o "src/stm32f4xx_it.o" "../src/stm32f4xx_it.c"
Finished building: ../src/stm32f4xx_it.c
 
Building file: ../src/system_stm32f4xx.c
Invoking: ARM Sourcery Linux GCC C Compiler
arm-none-eabi-gcc -DUSE_STDPERIPH_DRIVER -DUSE_STM32F4_DISCOVERY -DUSE_USB_OTG_FS -DHSE_VALUE=8000000 -DSTM32F4XX -I"/home/kvv/workspace/k-car/autopilot/inc" -I"/home/kvv/workspace/k-car/autopilot/inc/CMSIS" -I"/home/kvv/workspace/k-car/autopilot/inc/STM32F4xx" -I"/home/kvv/workspace/k-car/autopilot/inc/STM32F4xx_StdPeriph_Driver/inc" -I"/home/kvv/workspace/k-car/autopilot/inc/STM32_USB_Device_Library/Class/cdc/inc" -I"/home/kvv/workspace/k-car/autopilot/inc/STM32_USB_Device_Library/Core/inc" -I"/home/kvv/workspace/k-car/autopilot/inc/STM32_USB_OTG_Driver/inc" -O0 -ffunction-sections -fdata-sections -Wall -std=c99 -Wa,-adhlns="src/system_stm32f4xx.o.lst" -c -fmessage-length=0 -MMD -MP -MF"src/system_stm32f4xx.d" -MT"src/system_stm32f4xx.d" -mcpu=cortex-m4 -mthumb -g3 -ggdb -o "src/system_stm32f4xx.o" "../src/system_stm32f4xx.c"
Finished building: ../src/system_stm32f4xx.c
 
Building file: ../src/usb_bsp.c
Invoking: ARM Sourcery Linux GCC C Compiler
arm-none-eabi-gcc -DUSE_STDPERIPH_DRIVER -DUSE_STM32F4_DISCOVERY -DUSE_USB_OTG_FS -DHSE_VALUE=8000000 -DSTM32F4XX -I"/home/kvv/workspace/k-car/autopilot/inc" -I"/home/kvv/workspace/k-car/autopilot/inc/CMSIS" -I"/home/kvv/workspace/k-car/autopilot/inc/STM32F4xx" -I"/home/kvv/workspace/k-car/autopilot/inc/STM32F4xx_StdPeriph_Driver/inc" -I"/home/kvv/workspace/k-car/autopilot/inc/STM32_USB_Device_Library/Class/cdc/inc" -I"/home/kvv/workspace/k-car/autopilot/inc/STM32_USB_Device_Library/Core/inc" -I"/home/kvv/workspace/k-car/autopilot/inc/STM32_USB_OTG_Driver/inc" -O0 -ffunction-sections -fdata-sections -Wall -std=c99 -Wa,-adhlns="src/usb_bsp.o.lst" -c -fmessage-length=0 -MMD -MP -MF"src/usb_bsp.d" -MT"src/usb_bsp.d" -mcpu=cortex-m4 -mthumb -g3 -ggdb -o "src/usb_bsp.o" "../src/usb_bsp.c"
Finished building: ../src/usb_bsp.c
 
Building file: ../src/usbd_cdc_vcp.c
Invoking: ARM Sourcery Linux GCC C Compiler
arm-none-eabi-gcc -DUSE_STDPERIPH_DRIVER -DUSE_STM32F4_DISCOVERY -DUSE_USB_OTG_FS -DHSE_VALUE=8000000 -DSTM32F4XX -I"/home/kvv/workspace/k-car/autopilot/inc" -I"/home/kvv/workspace/k-car/autopilot/inc/CMSIS" -I"/home/kvv/workspace/k-car/autopilot/inc/STM32F4xx" -I"/home/kvv/workspace/k-car/autopilot/inc/STM32F4xx_StdPeriph_Driver/inc" -I"/home/kvv/workspace/k-car/autopilot/inc/STM32_USB_Device_Library/Class/cdc/inc" -I"/home/kvv/workspace/k-car/autopilot/inc/STM32_USB_Device_Library/Core/inc" -I"/home/kvv/workspace/k-car/autopilot/inc/STM32_USB_OTG_Driver/inc" -O0 -ffunction-sections -fdata-sections -Wall -std=c99 -Wa,-adhlns="src/usbd_cdc_vcp.o.lst" -c -fmessage-length=0 -MMD -MP -MF"src/usbd_cdc_vcp.d" -MT"src/usbd_cdc_vcp.d" -mcpu=cortex-m4 -mthumb -g3 -ggdb -o "src/usbd_cdc_vcp.o" "../src/usbd_cdc_vcp.c"
Finished building: ../src/usbd_cdc_vcp.c
 
Building file: ../src/usbd_desc.c
Invoking: ARM Sourcery Linux GCC C Compiler
arm-none-eabi-gcc -DUSE_STDPERIPH_DRIVER -DUSE_STM32F4_DISCOVERY -DUSE_USB_OTG_FS -DHSE_VALUE=8000000 -DSTM32F4XX -I"/home/kvv/workspace/k-car/autopilot/inc" -I"/home/kvv/workspace/k-car/autopilot/inc/CMSIS" -I"/home/kvv/workspace/k-car/autopilot/inc/STM32F4xx" -I"/home/kvv/workspace/k-car/autopilot/inc/STM32F4xx_StdPeriph_Driver/inc" -I"/home/kvv/workspace/k-car/autopilot/inc/STM32_USB_Device_Library/Class/cdc/inc" -I"/home/kvv/workspace/k-car/autopilot/inc/STM32_USB_Device_Library/Core/inc" -I"/home/kvv/workspace/k-car/autopilot/inc/STM32_USB_OTG_Driver/inc" -O0 -ffunction-sections -fdata-sections -Wall -std=c99 -Wa,-adhlns="src/usbd_desc.o.lst" -c -fmessage-length=0 -MMD -MP -MF"src/usbd_desc.d" -MT"src/usbd_desc.d" -mcpu=cortex-m4 -mthumb -g3 -ggdb -o "src/usbd_desc.o" "../src/usbd_desc.c"
Finished building: ../src/usbd_desc.c
 
Building file: ../src/usbd_usr.c
Invoking: ARM Sourcery Linux GCC C Compiler
arm-none-eabi-gcc -DUSE_STDPERIPH_DRIVER -DUSE_STM32F4_DISCOVERY -DUSE_USB_OTG_FS -DHSE_VALUE=8000000 -DSTM32F4XX -I"/home/kvv/workspace/k-car/autopilot/inc" -I"/home/kvv/workspace/k-car/autopilot/inc/CMSIS" -I"/home/kvv/workspace/k-car/autopilot/inc/STM32F4xx" -I"/home/kvv/workspace/k-car/autopilot/inc/STM32F4xx_StdPeriph_Driver/inc" -I"/home/kvv/workspace/k-car/autopilot/inc/STM32_USB_Device_Library/Class/cdc/inc" -I"/home/kvv/workspace/k-car/autopilot/inc/STM32_USB_Device_Library/Core/inc" -I"/home/kvv/workspace/k-car/autopilot/inc/STM32_USB_OTG_Driver/inc" -O0 -ffunction-sections -fdata-sections -Wall -std=c99 -Wa,-adhlns="src/usbd_usr.o.lst" -c -fmessage-length=0 -MMD -MP -MF"src/usbd_usr.d" -MT"src/usbd_usr.d" -mcpu=cortex-m4 -mthumb -g3 -ggdb -o "src/usbd_usr.o" "../src/usbd_usr.c"
Finished building: ../src/usbd_usr.c
 
Building file: ../inc/STM32_USB_OTG_Driver/src/usb_core.c
Invoking: ARM Sourcery Linux GCC C Compiler
arm-none-eabi-gcc -DUSE_STDPERIPH_DRIVER -DUSE_STM32F4_DISCOVERY -DUSE_USB_OTG_FS -DHSE_VALUE=8000000 -DSTM32F4XX -I"/home/kvv/workspace/k-car/autopilot/inc" -I"/home/kvv/workspace/k-car/autopilot/inc/CMSIS" -I"/home/kvv/workspace/k-car/autopilot/inc/STM32F4xx" -I"/home/kvv/workspace/k-car/autopilot/inc/STM32F4xx_StdPeriph_Driver/inc" -I"/home/kvv/workspace/k-car/autopilot/inc/STM32_USB_Device_Library/Class/cdc/inc" -I"/home/kvv/workspace/k-car/autopilot/inc/STM32_USB_Device_Library/Core/inc" -I"/home/kvv/workspace/k-car/autopilot/inc/STM32_USB_OTG_Driver/inc" -O0 -ffunction-sections -fdata-sections -Wall -std=c99 -Wa,-adhlns="inc/STM32_USB_OTG_Driver/src/usb_core.o.lst" -c -fmessage-length=0 -MMD -MP -MF"inc/STM32_USB_OTG_Driver/src/usb_core.d" -MT"inc/STM32_USB_OTG_Driver/src/usb_core.d" -mcpu=cortex-m4 -mthumb -g3 -ggdb -o "inc/STM32_USB_OTG_Driver/src/usb_core.o" "../inc/STM32_USB_OTG_Driver/src/usb_core.c"
Finished building: ../inc/STM32_USB_OTG_Driver/src/usb_core.c
 
Building file: ../inc/STM32_USB_OTG_Driver/src/usb_dcd.c
Invoking: ARM Sourcery Linux GCC C Compiler
arm-none-eabi-gcc -DUSE_STDPERIPH_DRIVER -DUSE_STM32F4_DISCOVERY -DUSE_USB_OTG_FS -DHSE_VALUE=8000000 -DSTM32F4XX -I"/home/kvv/workspace/k-car/autopilot/inc" -I"/home/kvv/workspace/k-car/autopilot/inc/CMSIS" -I"/home/kvv/workspace/k-car/autopilot/inc/STM32F4xx" -I"/home/kvv/workspace/k-car/autopilot/inc/STM32F4xx_StdPeriph_Driver/inc" -I"/home/kvv/workspace/k-car/autopilot/inc/STM32_USB_Device_Library/Class/cdc/inc" -I"/home/kvv/workspace/k-car/autopilot/inc/STM32_USB_Device_Library/Core/inc" -I"/home/kvv/workspace/k-car/autopilot/inc/STM32_USB_OTG_Driver/inc" -O0 -ffunction-sections -fdata-sections -Wall -std=c99 -Wa,-adhlns="inc/STM32_USB_OTG_Driver/src/usb_dcd.o.lst" -c -fmessage-length=0 -MMD -MP -MF"inc/STM32_USB_OTG_Driver/src/usb_dcd.d" -MT"inc/STM32_USB_OTG_Driver/src/usb_dcd.d" -mcpu=cortex-m4 -mthumb -g3 -ggdb -o "inc/STM32_USB_OTG_Driver/src/usb_dcd.o" "../inc/STM32_USB_OTG_Driver/src/usb_dcd.c"
Finished building: ../inc/STM32_USB_OTG_Driver/src/usb_dcd.c
 
Building file: ../inc/STM32_USB_OTG_Driver/src/usb_dcd_int.c
Invoking: ARM Sourcery Linux GCC C Compiler
arm-none-eabi-gcc -DUSE_STDPERIPH_DRIVER -DUSE_STM32F4_DISCOVERY -DUSE_USB_OTG_FS -DHSE_VALUE=8000000 -DSTM32F4XX -I"/home/kvv/workspace/k-car/autopilot/inc" -I"/home/kvv/workspace/k-car/autopilot/inc/CMSIS" -I"/home/kvv/workspace/k-car/autopilot/inc/STM32F4xx" -I"/home/kvv/workspace/k-car/autopilot/inc/STM32F4xx_StdPeriph_Driver/inc" -I"/home/kvv/workspace/k-car/autopilot/inc/STM32_USB_Device_Library/Class/cdc/inc" -I"/home/kvv/workspace/k-car/autopilot/inc/STM32_USB_Device_Library/Core/inc" -I"/home/kvv/workspace/k-car/autopilot/inc/STM32_USB_OTG_Driver/inc" -O0 -ffunction-sections -fdata-sections -Wall -std=c99 -Wa,-adhlns="inc/STM32_USB_OTG_Driver/src/usb_dcd_int.o.lst" -c -fmessage-length=0 -MMD -MP -MF"inc/STM32_USB_OTG_Driver/src/usb_dcd_int.d" -MT"inc/STM32_USB_OTG_Driver/src/usb_dcd_int.d" -mcpu=cortex-m4 -mthumb -g3 -ggdb -o "inc/STM32_USB_OTG_Driver/src/usb_dcd_int.o" "../inc/STM32_USB_OTG_Driver/src/usb_dcd_int.c"
Finished building: ../inc/STM32_USB_OTG_Driver/src/usb_dcd_int.c
 
Building file: ../inc/STM32_USB_Device_Library/Core/src/usbd_core.c
Invoking: ARM Sourcery Linux GCC C Compiler
arm-none-eabi-gcc -DUSE_STDPERIPH_DRIVER -DUSE_STM32F4_DISCOVERY -DUSE_USB_OTG_FS -DHSE_VALUE=8000000 -DSTM32F4XX -I"/home/kvv/workspace/k-car/autopilot/inc" -I"/home/kvv/workspace/k-car/autopilot/inc/CMSIS" -I"/home/kvv/workspace/k-car/autopilot/inc/STM32F4xx" -I"/home/kvv/workspace/k-car/autopilot/inc/STM32F4xx_StdPeriph_Driver/inc" -I"/home/kvv/workspace/k-car/autopilot/inc/STM32_USB_Device_Library/Class/cdc/inc" -I"/home/kvv/workspace/k-car/autopilot/inc/STM32_USB_Device_Library/Core/inc" -I"/home/kvv/workspace/k-car/autopilot/inc/STM32_USB_OTG_Driver/inc" -O0 -ffunction-sections -fdata-sections -Wall -std=c99 -Wa,-adhlns="inc/STM32_USB_Device_Library/Core/src/usbd_core.o.lst" -c -fmessage-length=0 -MMD -MP -MF"inc/STM32_USB_Device_Library/Core/src/usbd_core.d" -MT"inc/STM32_USB_Device_Library/Core/src/usbd_core.d" -mcpu=cortex-m4 -mthumb -g3 -ggdb -o "inc/STM32_USB_Device_Library/Core/src/usbd_core.o" "../inc/STM32_USB_Device_Library/Core/src/usbd_core.c"
Finished building: ../inc/STM32_USB_Device_Library/Core/src/usbd_core.c
 
Building file: ../inc/STM32_USB_Device_Library/Core/src/usbd_ioreq.c
Invoking: ARM Sourcery Linux GCC C Compiler
[...]
Finished building target: autopilot.elf
 
Invoking: ARM Sourcery Linux GNU Create Flash Image
arm-none-eabi-objcopy -O binary autopilot.elf  "autopilot.hex"
Finished building: autopilot.hex
 
Invoking: ARM Sourcery Linux GNU Create Listing
arm-none-eabi-objdump -h -S autopilot.elf > "autopilot.lst"
Finished building: autopilot.lst
 
Invoking: ARM Sourcery Linux GNU Print Size
arm-none-eabi-size  --format=berkeley autopilot.elf
   text	   data	    bss	    dec	    hex	filename
  15056	     88	   6808	  21952	   55c0	autopilot.elf
Finished building: autopilot.siz
 
20:15:11 **** Incremental Build of configuration Debug for project autopilot ****
make all 
Building file: ../src/main.c
Invoking: ARM Sourcery Linux GCC C Compiler
arm-none-eabi-gcc -DUSE_STDPERIPH_DRIVER -DUSE_STM32F4_DISCOVERY -DUSE_USB_OTG_FS -DHSE_VALUE=8000000 -DSTM32F4XX -I"/home/kvv/workspace/k-car/autopilot/inc" -I"/home/kvv/workspace/k-car/autopilot/inc/CMSIS" -I"/home/kvv/workspace/k-car/autopilot/inc/STM32F4xx" -I"/home/kvv/workspace/k-car/autopilot/inc/STM32F4xx_StdPeriph_Driver/inc" -I"/home/kvv/workspace/k-car/autopilot/inc/STM32_USB_Device_Library/Class/cdc/inc" -I"/home/kvv/workspace/k-car/autopilot/inc/STM32_USB_Device_Library/Core/inc" -I"/home/kvv/workspace/k-car/autopilot/inc/STM32_USB_OTG_Driver/inc" -O0 -ffunction-sections -fdata-sections -Wall -std=c99 -Wa,-adhlns="src/main.o.lst" -c -fmessage-length=0 -MMD -MP -MF"src/main.d" -MT"src/main.d" -mcpu=cortex-m4 -mthumb -g3 -ggdb -o "src/main.o" "../src/main.c"
../src/main.c:20:13: warning: 'sendData' declared 'static' but never defined
../src/main.c:22:13: warning: 'getData' declared 'static' but never defined
Finished building: ../src/main.c
 
Building target: autopilot.elf
Invoking: ARM Sourcery Linux GCC C Linker
arm-none-eabi-gcc -T"/home/kvv/workspace/k-car/autopilot/stm32_flash.ld" -nostartfiles -Xlinker --gc-sections -Wl,-Map,autopilot.map -mcpu=cortex-m4 -mthumb -g3 -ggdb -o "autopilot.elf"  ./src/lis302dl.o ./src/main.o ./src/periph_init.o ./src/protocol.o ./src/stm32f4_discovery.o ./src/stm32f4xx_it.o ./src/system_stm32f4xx.o ./src/usb_bsp.o ./src/usbd_cdc_vcp.o ./src/usbd_desc.o ./src/usbd_usr.o  ./inc/STM32_USB_OTG_Driver/src/usb_core.o ./inc/STM32_USB_OTG_Driver/src/usb_dcd.o ./inc/STM32_USB_OTG_Driver/src/usb_dcd_int.o  ./inc/STM32_USB_Device_Library/Core/src/usbd_core.o ./inc/STM32_USB_Device_Library/Core/src/usbd_ioreq.o ./inc/STM32_USB_Device_Library/Core/src/usbd_req.o  ./inc/STM32_USB_Device_Library/Class/cdc/src/usbd_cdc_core.o  ./inc/STM32F4xx_StdPeriph_Driver/src/misc.o ./inc/STM32F4xx_StdPeriph_Driver/src/stm32f4xx_adc.o ./inc/STM32F4xx_StdPeriph_Driver/src/stm32f4xx_can.o ./inc/STM32F4xx_StdPeriph_Driver/src/stm32f4xx_crc.o ./inc/STM32F4xx_StdPeriph_Driver/src/stm32f4xx_cryp.o ./inc/STM32F4xx_StdPeriph_Driver/src/stm32f4xx_cryp_aes.o ./inc/STM32F4xx_StdPeriph_Driver/src/stm32f4xx_cryp_des.o ./inc/STM32F4xx_StdPeriph_Driver/src/stm32f4xx_cryp_tdes.o ./inc/STM32F4xx_StdPeriph_Driver/src/stm32f4xx_dac.o ./inc/STM32F4xx_StdPeriph_Driver/src/stm32f4xx_dbgmcu.o ./inc/STM32F4xx_StdPeriph_Driver/src/stm32f4xx_dcmi.o ./inc/STM32F4xx_StdPeriph_Driver/src/stm32f4xx_dma.o ./inc/STM32F4xx_StdPeriph_Driver/src/stm32f4xx_exti.o ./inc/STM32F4xx_StdPeriph_Driver/src/stm32f4xx_flash.o ./inc/STM32F4xx_StdPeriph_Driver/src/stm32f4xx_fsmc.o ./inc/STM32F4xx_StdPeriph_Driver/src/stm32f4xx_gpio.o ./inc/STM32F4xx_StdPeriph_Driver/src/stm32f4xx_hash.o ./inc/STM32F4xx_StdPeriph_Driver/src/stm32f4xx_hash_md5.o ./inc/STM32F4xx_StdPeriph_Driver/src/stm32f4xx_hash_sha1.o ./inc/STM32F4xx_StdPeriph_Driver/src/stm32f4xx_i2c.o ./inc/STM32F4xx_StdPeriph_Driver/src/stm32f4xx_iwdg.o ./inc/STM32F4xx_StdPeriph_Driver/src/stm32f4xx_pwr.o ./inc/STM32F4xx_StdPeriph_Driver/src/stm32f4xx_rcc.o ./inc/STM32F4xx_StdPeriph_Driver/src/stm32f4xx_rng.o ./inc/STM32F4xx_StdPeriph_Driver/src/stm32f4xx_rtc.o ./inc/STM32F4xx_StdPeriph_Driver/src/stm32f4xx_sdio.o ./inc/STM32F4xx_StdPeriph_Driver/src/stm32f4xx_spi.o ./inc/STM32F4xx_StdPeriph_Driver/src/stm32f4xx_syscfg.o ./inc/STM32F4xx_StdPeriph_Driver/src/stm32f4xx_tim.o ./inc/STM32F4xx_StdPeriph_Driver/src/stm32f4xx_usart.o ./inc/STM32F4xx_StdPeriph_Driver/src/stm32f4xx_wwdg.o  ./startup_stm32f4xx.o   
Finished building target: autopilot.elf
 
Invoking: ARM Sourcery Linux GNU Create Flash Image
arm-none-eabi-objcopy -O binary autopilot.elf  "autopilot.hex"
Finished building: autopilot.hex
 
Invoking: ARM Sourcery Linux GNU Create Listing
arm-none-eabi-objdump -h -S autopilot.elf > "autopilot.lst"
Finished building: autopilot.lst
 
Invoking: ARM Sourcery Linux GNU Print Size
arm-none-eabi-size  --format=berkeley autopilot.elf
   text	   data	    bss	    dec	    hex	filename
  15056	     88	   6808	  21952	   55c0	autopilot.elf
Finished building: autopilot.siz
 
20:15:32 **** Incremental Build of configuration Debug for project autopilot ****
make all 
Building file: ../src/main.c
Invoking: ARM Sourcery Linux GCC C Compiler
arm-none-eabi-gcc -DUSE_STDPERIPH_DRIVER -DUSE_STM32F4_DISCOVERY -DUSE_USB_OTG_FS -DHSE_VALUE=8000000 -DSTM32F4XX -I"/home/kvv/workspace/k-car/autopilot/inc" -I"/home/kvv/workspace/k-car/autopilot/inc/CMSIS" -I"/home/kvv/workspace/k-car/autopilot/inc/STM32F4xx" -I"/home/kvv/workspace/k-car/autopilot/inc/STM32F4xx_StdPeriph_Driver/inc" -I"/home/kvv/workspace/k-car/autopilot/inc/STM32_USB_Device_Library/Class/cdc/inc" -I"/home/kvv/workspace/k-car/autopilot/inc/STM32_USB_Device_Library/Core/inc" -I"/home/kvv/workspace/k-car/autopilot/inc/STM32_USB_OTG_Driver/inc" -O0 -ffunction-sections -fdata-sections -Wall -std=c99 -Wa,-adhlns="src/main.o.lst" -c -fmessage-length=0 -MMD -MP -MF"src/main.d" -MT"src/main.d" -mcpu=cortex-m4 -mthumb -g3 -ggdb -o "src/main.o" "../src/main.c"
../src/main.c:20:13: warning: 'sendData' declared 'static' but never defined
../src/main.c:22:13: warning: 'getData' declared 'static' but never defined
Finished building: ../src/main.c
 
Building target: autopilot.elf
Invoking: ARM Sourcery Linux GCC C Linker
arm-none-eabi-gcc -T"/home/kvv/workspace/k-car/autopilot/stm32_flash.ld" -nostartfiles -Xlinker --gc-sections -Wl,-Map,autopilot.map -mcpu=cortex-m4 -mthumb -g3 -ggdb -o "autopilot.elf"  ./src/lis302dl.o ./src/main.o ./src/periph_init.o ./src/protocol.o ./src/stm32f4_discovery.o ./src/stm32f4xx_it.o ./src/system_stm32f4xx.o ./src/usb_bsp.o ./src/usbd_cdc_vcp.o ./src/usbd_desc.o ./src/usbd_usr.o  ./inc/STM32_USB_OTG_Driver/src/usb_core.o ./inc/STM32_USB_OTG_Driver/src/usb_dcd.o ./inc/STM32_USB_OTG_Driver/src/usb_dcd_int.o  ./inc/STM32_USB_Device_Library/Core/src/usbd_core.o ./inc/STM32_USB_Device_Library/Core/src/usbd_ioreq.o ./inc/STM32_USB_Device_Library/Core/src/usbd_req.o  ./inc/STM32_USB_Device_Library/Class/cdc/src/usbd_cdc_core.o  ./inc/STM32F4xx_StdPeriph_Driver/src/misc.o ./inc/STM32F4xx_StdPeriph_Driver/src/stm32f4xx_adc.o ./inc/STM32F4xx_StdPeriph_Driver/src/stm32f4xx_can.o ./inc/STM32F4xx_StdPeriph_Driver/src/stm32f4xx_crc.o ./inc/STM32F4xx_StdPeriph_Driver/src/stm32f4xx_cryp.o ./inc/STM32F4xx_StdPeriph_Driver/src/stm32f4xx_cryp_aes.o ./inc/STM32F4xx_StdPeriph_Driver/src/stm32f4xx_cryp_des.o ./inc/STM32F4xx_StdPeriph_Driver/src/stm32f4xx_cryp_tdes.o ./inc/STM32F4xx_StdPeriph_Driver/src/stm32f4xx_dac.o ./inc/STM32F4xx_StdPeriph_Driver/src/stm32f4xx_dbgmcu.o ./inc/STM32F4xx_StdPeriph_Driver/src/stm32f4xx_dcmi.o ./inc/STM32F4xx_StdPeriph_Driver/src/stm32f4xx_dma.o ./inc/STM32F4xx_StdPeriph_Driver/src/stm32f4xx_exti.o ./inc/STM32F4xx_StdPeriph_Driver/src/stm32f4xx_flash.o ./inc/STM32F4xx_StdPeriph_Driver/src/stm32f4xx_fsmc.o ./inc/STM32F4xx_StdPeriph_Driver/src/stm32f4xx_gpio.o ./inc/STM32F4xx_StdPeriph_Driver/src/stm32f4xx_hash.o ./inc/STM32F4xx_StdPeriph_Driver/src/stm32f4xx_hash_md5.o ./inc/STM32F4xx_StdPeriph_Driver/src/stm32f4xx_hash_sha1.o ./inc/STM32F4xx_StdPeriph_Driver/src/stm32f4xx_i2c.o ./inc/STM32F4xx_StdPeriph_Driver/src/stm32f4xx_iwdg.o ./inc/STM32F4xx_StdPeriph_Driver/src/stm32f4xx_pwr.o ./inc/STM32F4xx_StdPeriph_Driver/src/stm32f4xx_rcc.o ./inc/STM32F4xx_StdPeriph_Driver/src/stm32f4xx_rng.o ./inc/STM32F4xx_StdPeriph_Driver/src/stm32f4xx_rtc.o ./inc/STM32F4xx_StdPeriph_Driver/src/stm32f4xx_sdio.o ./inc/STM32F4xx_StdPeriph_Driver/src/stm32f4xx_spi.o ./inc/STM32F4xx_StdPeriph_Driver/src/stm32f4xx_syscfg.o ./inc/STM32F4xx_StdPeriph_Driver/src/stm32f4xx_tim.o ./inc/STM32F4xx_StdPeriph_Driver/src/stm32f4xx_usart.o ./inc/STM32F4xx_StdPeriph_Driver/src/stm32f4xx_wwdg.o  ./startup_stm32f4xx.o   
Finished building target: autopilot.elf
 
Invoking: ARM Sourcery Linux GNU Create Flash Image
arm-none-eabi-objcopy -O binary autopilot.elf  "autopilot.hex"
Finished building: autopilot.hex
 
Invoking: ARM Sourcery Linux GNU Create Listing
arm-none-eabi-objdump -h -S autopilot.elf > "autopilot.lst"
Finished building: autopilot.lst
 
Invoking: ARM Sourcery Linux GNU Print Size
arm-none-eabi-size  --format=berkeley autopilot.elf
   text	   data	    bss	    dec	    hex	filename
  15056	     88	   6808	  21952	   55c0	autopilot.elf
Finished building: autopilot.siz
 
20:15:49 **** Incremental Build of configuration Debug for project autopilot ****
make all 
Invoking: ARM Sourcery Linux GNU Print Size
arm-none-eabi-size  --format=berkeley autopilot.elf
   text	   data	    bss	    dec	    hex	filename
  15056	     88	   6808	  21952	   55c0	autopilot.elf
Finished building: autopilot.siz
 
20:15:51 **** Incremental Build of configuration Debug for project autopilot ****
make all 
Invoking: ARM Sourcery Linux GNU Print Size
arm-none-eabi-size  --format=berkeley autopilot.elf
   text	   data	    bss	    dec	    hex	filename
  15056	     88	   6808	  21952	   55c0	autopilot.elf
Finished building: autopilot.siz
 
20:16:39 **** Incremental Build of configuration Debug for project autopilot ****
make all 
Building file: ../src/main.c
Invoking: ARM Sourcery Linux GCC C Compiler
arm-none-eabi-gcc -DUSE_STDPERIPH_DRIVER -DUSE_STM32F4_DISCOVERY -DUSE_USB_OTG_FS -DHSE_VALUE=8000000 -DSTM32F4XX -I"/home/kvv/workspace/k-car/autopilot/inc" -I"/home/kvv/workspace/k-car/autopilot/inc/CMSIS" -I"/home/kvv/workspace/k-car/autopilot/inc/STM32F4xx" -I"/home/kvv/workspace/k-car/autopilot/inc/STM32F4xx_StdPeriph_Driver/inc" -I"/home/kvv/workspace/k-car/autopilot/inc/STM32_USB_Device_Library/Class/cdc/inc" -I"/home/kvv/workspace/k-car/autopilot/inc/STM32_USB_Device_Library/Core/inc" -I"/home/kvv/workspace/k-car/autopilot/inc/STM32_USB_OTG_Driver/inc" -O0 -ffunction-sections -fdata-sections -Wall -std=c99 -Wa,-adhlns="src/main.o.lst" -c -fmessage-length=0 -MMD -MP -MF"src/main.d" -MT"src/main.d" -mcpu=cortex-m4 -mthumb -g3 -ggdb -o "src/main.o" "../src/main.c"
../src/main.c:20:13: warning: 'sendData' declared 'static' but never defined
../src/main.c:22:13: warning: 'getData' declared 'static' but never defined
Finished building: ../src/main.c
 
Building target: autopilot.elf
Invoking: ARM Sourcery Linux GCC C Linker
arm-none-eabi-gcc -T"/home/kvv/workspace/k-car/autopilot/stm32_flash.ld" -nostartfiles -Xlinker --gc-sections -Wl,-Map,autopilot.map -mcpu=cortex-m4 -mthumb -g3 -ggdb -o "autopilot.elf"  ./src/lis302dl.o ./src/main.o ./src/periph_init.o ./src/protocol.o ./src/stm32f4_discovery.o ./src/stm32f4xx_it.o ./src/system_stm32f4xx.o ./src/usb_bsp.o ./src/usbd_cdc_vcp.o ./src/usbd_desc.o ./src/usbd_usr.o  ./inc/STM32_USB_OTG_Driver/src/usb_core.o ./inc/STM32_USB_OTG_Driver/src/usb_dcd.o ./inc/STM32_USB_OTG_Driver/src/usb_dcd_int.o  ./inc/STM32_USB_Device_Library/Core/src/usbd_core.o ./inc/STM32_USB_Device_Library/Core/src/usbd_ioreq.o ./inc/STM32_USB_Device_Library/Core/src/usbd_req.o  ./inc/STM32_USB_Device_Library/Class/cdc/src/usbd_cdc_core.o  ./inc/STM32F4xx_StdPeriph_Driver/src/misc.o ./inc/STM32F4xx_StdPeriph_Driver/src/stm32f4xx_adc.o ./inc/STM32F4xx_StdPeriph_Driver/src/stm32f4xx_can.o ./inc/STM32F4xx_StdPeriph_Driver/src/stm32f4xx_crc.o ./inc/STM32F4xx_StdPeriph_Driver/src/stm32f4xx_cryp.o ./inc/STM32F4xx_StdPeriph_Driver/src/stm32f4xx_cryp_aes.o ./inc/STM32F4xx_StdPeriph_Driver/src/stm32f4xx_cryp_des.o ./inc/STM32F4xx_StdPeriph_Driver/src/stm32f4xx_cryp_tdes.o ./inc/STM32F4xx_StdPeriph_Driver/src/stm32f4xx_dac.o ./inc/STM32F4xx_StdPeriph_Driver/src/stm32f4xx_dbgmcu.o ./inc/STM32F4xx_StdPeriph_Driver/src/stm32f4xx_dcmi.o ./inc/STM32F4xx_StdPeriph_Driver/src/stm32f4xx_dma.o ./inc/STM32F4xx_StdPeriph_Driver/src/stm32f4xx_exti.o ./inc/STM32F4xx_StdPeriph_Driver/src/stm32f4xx_flash.o ./inc/STM32F4xx_StdPeriph_Driver/src/stm32f4xx_fsmc.o ./inc/STM32F4xx_StdPeriph_Driver/src/stm32f4xx_gpio.o ./inc/STM32F4xx_StdPeriph_Driver/src/stm32f4xx_hash.o ./inc/STM32F4xx_StdPeriph_Driver/src/stm32f4xx_hash_md5.o ./inc/STM32F4xx_StdPeriph_Driver/src/stm32f4xx_hash_sha1.o ./inc/STM32F4xx_StdPeriph_Driver/src/stm32f4xx_i2c.o ./inc/STM32F4xx_StdPeriph_Driver/src/stm32f4xx_iwdg.o ./inc/STM32F4xx_StdPeriph_Driver/src/stm32f4xx_pwr.o ./inc/STM32F4xx_StdPeriph_Driver/src/stm32f4xx_rcc.o ./inc/STM32F4xx_StdPeriph_Driver/src/stm32f4xx_rng.o ./inc/STM32F4xx_StdPeriph_Driver/src/stm32f4xx_rtc.o ./inc/STM32F4xx_StdPeriph_Driver/src/stm32f4xx_sdio.o ./inc/STM32F4xx_StdPeriph_Driver/src/stm32f4xx_spi.o ./inc/STM32F4xx_StdPeriph_Driver/src/stm32f4xx_syscfg.o ./inc/STM32F4xx_StdPeriph_Driver/src/stm32f4xx_tim.o ./inc/STM32F4xx_StdPeriph_Driver/src/stm32f4xx_usart.o ./inc/STM32F4xx_StdPeriph_Driver/src/stm32f4xx_wwdg.o  ./startup_stm32f4xx.o   
Finished building target: autopilot.elf
 
Invoking: ARM Sourcery Linux GNU Create Flash Image
arm-none-eabi-objcopy -O binary autopilot.elf  "autopilot.hex"
Finished building: autopilot.hex
 
Invoking: ARM Sourcery Linux GNU Create Listing
arm-none-eabi-objdump -h -S autopilot.elf > "autopilot.lst"
Finished building: autopilot.lst
 
Invoking: ARM Sourcery Linux GNU Print Size
arm-none-eabi-size  --format=berkeley autopilot.elf
   text	   data	    bss	    dec	    hex	filename
  15056	     88	   6808	  21952	   55c0	autopilot.elf
Finished building: autopilot.siz
 
20:17:05 **** Incremental Build of configuration Debug for project autopilot ****
make all 
Building file: ../src/main.c
Invoking: ARM Sourcery Linux GCC C Compiler
arm-none-eabi-gcc -DUSE_STDPERIPH_DRIVER -DUSE_STM32F4_DISCOVERY -DUSE_USB_OTG_FS -DHSE_VALUE=8000000 -DSTM32F4XX -I"/home/kvv/workspace/k-car/autopilot/inc" -I"/home/kvv/workspace/k-car/autopilot/inc/CMSIS" -I"/home/kvv/workspace/k-car/autopilot/inc/STM32F4xx" -I"/home/kvv/workspace/k-car/autopilot/inc/STM32F4xx_StdPeriph_Driver/inc" -I"/home/kvv/workspace/k-car/autopilot/inc/STM32_USB_Device_Library/Class/cdc/inc" -I"/home/kvv/workspace/k-car/autopilot/inc/STM32_USB_Device_Library/Core/inc" -I"/home/kvv/workspace/k-car/autopilot/inc/STM32_USB_OTG_Driver/inc" -O0 -ffunction-sections -fdata-sections -Wall -std=c99 -Wa,-adhlns="src/main.o.lst" -c -fmessage-length=0 -MMD -MP -MF"src/main.d" -MT"src/main.d" -mcpu=cortex-m4 -mthumb -g3 -ggdb -o "src/main.o" "../src/main.c"
../src/main.c:20:13: warning: 'sendData' declared 'static' but never defined
../src/main.c:22:13: warning: 'getData' declared 'static' but never defined
Finished building: ../src/main.c
 
Building target: autopilot.elf
Invoking: ARM Sourcery Linux GCC C Linker
arm-none-eabi-gcc -T"/home/kvv/workspace/k-car/autopilot/stm32_flash.ld" -nostartfiles -Xlinker --gc-sections -Wl,-Map,autopilot.map -mcpu=cortex-m4 -mthumb -g3 -ggdb -o "autopilot.elf"  ./src/lis302dl.o ./src/main.o ./src/periph_init.o ./src/protocol.o ./src/stm32f4_discovery.o ./src/stm32f4xx_it.o ./src/system_stm32f4xx.o ./src/usb_bsp.o ./src/usbd_cdc_vcp.o ./src/usbd_desc.o ./src/usbd_usr.o  ./inc/STM32_USB_OTG_Driver/src/usb_core.o ./inc/STM32_USB_OTG_Driver/src/usb_dcd.o ./inc/STM32_USB_OTG_Driver/src/usb_dcd_int.o  ./inc/STM32_USB_Device_Library/Core/src/usbd_core.o ./inc/STM32_USB_Device_Library/Core/src/usbd_ioreq.o ./inc/STM32_USB_Device_Library/Core/src/usbd_req.o  ./inc/STM32_USB_Device_Library/Class/cdc/src/usbd_cdc_core.o  ./inc/STM32F4xx_StdPeriph_Driver/src/misc.o ./inc/STM32F4xx_StdPeriph_Driver/src/stm32f4xx_adc.o ./inc/STM32F4xx_StdPeriph_Driver/src/stm32f4xx_can.o ./inc/STM32F4xx_StdPeriph_Driver/src/stm32f4xx_crc.o ./inc/STM32F4xx_StdPeriph_Driver/src/stm32f4xx_cryp.o ./inc/STM32F4xx_StdPeriph_Driver/src/stm32f4xx_cryp_aes.o ./inc/STM32F4xx_StdPeriph_Driver/src/stm32f4xx_cryp_des.o ./inc/STM32F4xx_StdPeriph_Driver/src/stm32f4xx_cryp_tdes.o ./inc/STM32F4xx_StdPeriph_Driver/src/stm32f4xx_dac.o ./inc/STM32F4xx_StdPeriph_Driver/src/stm32f4xx_dbgmcu.o ./inc/STM32F4xx_StdPeriph_Driver/src/stm32f4xx_dcmi.o ./inc/STM32F4xx_StdPeriph_Driver/src/stm32f4xx_dma.o ./inc/STM32F4xx_StdPeriph_Driver/src/stm32f4xx_exti.o ./inc/STM32F4xx_StdPeriph_Driver/src/stm32f4xx_flash.o ./inc/STM32F4xx_StdPeriph_Driver/src/stm32f4xx_fsmc.o ./inc/STM32F4xx_StdPeriph_Driver/src/stm32f4xx_gpio.o ./inc/STM32F4xx_StdPeriph_Driver/src/stm32f4xx_hash.o ./inc/STM32F4xx_StdPeriph_Driver/src/stm32f4xx_hash_md5.o ./inc/STM32F4xx_StdPeriph_Driver/src/stm32f4xx_hash_sha1.o ./inc/STM32F4xx_StdPeriph_Driver/src/stm32f4xx_i2c.o ./inc/STM32F4xx_StdPeriph_Driver/src/stm32f4xx_iwdg.o ./inc/STM32F4xx_StdPeriph_Driver/src/stm32f4xx_pwr.o ./inc/STM32F4xx_StdPeriph_Driver/src/stm32f4xx_rcc.o ./inc/STM32F4xx_StdPeriph_Driver/src/stm32f4xx_rng.o ./inc/STM32F4xx_StdPeriph_Driver/src/stm32f4xx_rtc.o ./inc/STM32F4xx_StdPeriph_Driver/src/stm32f4xx_sdio.o ./inc/STM32F4xx_StdPeriph_Driver/src/stm32f4xx_spi.o ./inc/STM32F4xx_StdPeriph_Driver/src/stm32f4xx_syscfg.o ./inc/STM32F4xx_StdPeriph_Driver/src/stm32f4xx_tim.o ./inc/STM32F4xx_StdPeriph_Driver/src/stm32f4xx_usart.o ./inc/STM32F4xx_StdPeriph_Driver/src/stm32f4xx_wwdg.o  ./startup_stm32f4xx.o   
Finished building target: autopilot.elf
 
Invoking: ARM Sourcery Linux GNU Create Flash Image
arm-none-eabi-objcopy -O binary autopilot.elf  "autopilot.hex"
Finished building: autopilot.hex
 
Invoking: ARM Sourcery Linux GNU Create Listing
arm-none-eabi-objdump -h -S autopilot.elf > "autopilot.lst"
Finished building: autopilot.lst
 
Invoking: ARM Sourcery Linux GNU Print Size
arm-none-eabi-size  --format=berkeley autopilot.elf
   text	   data	    bss	    dec	    hex	filename
  15056	     88	   6808	  21952	   55c0	autopilot.elf
Finished building: autopilot.siz
 
